
 Start         Length     Name                   Class
 0001:00000000 000CE7F8H .text                   CODE
 0002:00000000 000030CCH .data                   DATA
 0002:000030CC 00001989H .bss                    BSS


Detailed map of segments

 0001:00000000 0000592B C=CODE     S=.text    G=(none)   M=System   ACBP=A9
 0001:0000592C 00000140 C=CODE     S=.text    G=(none)   M=SysInit  ACBP=A9
 0001:00005A6C 00000090 C=CODE     S=.text    G=(none)   M=Types    ACBP=A9
 0001:00005AFC 00000E94 C=CODE     S=.text    G=(none)   M=Windows  ACBP=A9
 0001:00006990 00000038 C=CODE     S=.text    G=(none)   M=Messages ACBP=A9
 0001:000069C8 00000350 C=CODE     S=.text    G=(none)   M=SysConst ACBP=A9
 0001:00006D18 00007080 C=CODE     S=.text    G=(none)   M=SysUtils ACBP=A9
 0001:0000DD98 000007FB C=CODE     S=.text    G=(none)   M=VarUtils ACBP=A9
 0001:0000E594 00005B12 C=CODE     S=.text    G=(none)   M=Variants ACBP=A9
 0001:000140A8 000001A0 C=CODE     S=.text    G=(none)   M=RTLConsts ACBP=A9
 0001:00014248 0000083C C=CODE     S=.text    G=(none)   M=TypInfo  ACBP=A9
 0001:00014A84 00000098 C=CODE     S=.text    G=(none)   M=ActiveX  ACBP=A9
 0001:00014B1C 0000A7B6 C=CODE     S=.text    G=(none)   M=Classes  ACBP=A9
 0001:0001F2D4 00000338 C=CODE     S=.text    G=(none)   M=Consts   ACBP=A9
 0001:0001F60C 00009543 C=CODE     S=.text    G=(none)   M=Graphics ACBP=A9
 0001:00028B50 00000058 C=CODE     S=.text    G=(none)   M=Math     ACBP=A9
 0001:00028BA8 00000564 C=CODE     S=.text    G=(none)   M=Contnrs  ACBP=A9
 0001:0002910C 000001A0 C=CODE     S=.text    G=(none)   M=CommCtrl ACBP=A9
 0001:000292AC 00000787 C=CODE     S=.text    G=(none)   M=MultiMon ACBP=A9
 0001:00029A34 00000038 C=CODE     S=.text    G=(none)   M=Imm      ACBP=A9
 0001:00029A6C 00000FF8 C=CODE     S=.text    G=(none)   M=HelpIntfs ACBP=A9
 0001:0002AA64 00000038 C=CODE     S=.text    G=(none)   M=WinSpool ACBP=A9
 0001:0002AA9C 00000044 C=CODE     S=.text    G=(none)   M=Printers ACBP=A9
 0001:0002AAE0 0000031F C=CODE     S=.text    G=(none)   M=FlatSB   ACBP=A9
 0001:0002AE00 000003F0 C=CODE     S=.text    G=(none)   M=SyncObjs ACBP=A9
 0001:0002B1F0 000009BB C=CODE     S=.text    G=(none)   M=UxTheme  ACBP=A9
 0001:0002BBAC 00000038 C=CODE     S=.text    G=(none)   M=RichEdit ACBP=A9
 0001:0002BBE4 00000AD4 C=CODE     S=.text    G=(none)   M=ToolWin  ACBP=A9
 0001:0002C6B8 00000040 C=CODE     S=.text    G=(none)   M=ShellAPI ACBP=A9
 0001:0002C6F8 00000038 C=CODE     S=.text    G=(none)   M=RegStr   ACBP=A9
 0001:0002C730 00000038 C=CODE     S=.text    G=(none)   M=WinInet  ACBP=A9
 0001:0002C768 00000038 C=CODE     S=.text    G=(none)   M=UrlMon   ACBP=A9
 0001:0002C7A0 0000006C C=CODE     S=.text    G=(none)   M=ShlObj   ACBP=A9
 0001:0002C80C 00000048 C=CODE     S=.text    G=(none)   M=CommDlg  ACBP=A9
 0001:0002C854 00000038 C=CODE     S=.text    G=(none)   M=Dlgs     ACBP=A9
 0001:0002C88C 000027A1 C=CODE     S=.text    G=(none)   M=Dialogs  ACBP=A9
 0001:0002F030 00003486 C=CODE     S=.text    G=(none)   M=ExtCtrls ACBP=A9
 0001:000324B8 00000078 C=CODE     S=.text    G=(none)   M=ComStrs  ACBP=A9
 0001:00032530 0000069C C=CODE     S=.text    G=(none)   M=Clipbrd  ACBP=A9
 0001:00032BCC 00000038 C=CODE     S=.text    G=(none)   M=StrUtils ACBP=A9
 0001:00032C04 00003821 C=CODE     S=.text    G=(none)   M=Buttons  ACBP=A9
 0001:00036428 00000038 C=CODE     S=.text    G=(none)   M=ExtDlgs  ACBP=A9
 0001:00036460 00001014 C=CODE     S=.text    G=(none)   M=IniFiles ACBP=A9
 0001:00037474 00000068 C=CODE     S=.text    G=(none)   M=Registry ACBP=A9
 0001:000374DC 0000006C C=CODE     S=.text    G=(none)   M=Mapi     ACBP=A9
 0001:00037548 00000058 C=CODE     S=.text    G=(none)   M=ExtActns ACBP=A9
 0001:000375A0 00000038 C=CODE     S=.text    G=(none)   M=ListActns ACBP=A9
 0001:000375D8 0000D6B4 C=CODE     S=.text    G=(none)   M=ComCtrls ACBP=A9
 0001:00044C8C 00000EA0 C=CODE     S=.text    G=(none)   M=Themes   ACBP=A9
 0001:00045B2C 00009A78 C=CODE     S=.text    G=(none)   M=StdCtrls ACBP=A9
 0001:0004F5A4 00000168 C=CODE     S=.text    G=(none)   M=StdActns ACBP=A9
 0001:0004F70C 00000D1F C=CODE     S=.text    G=(none)   M=WinHelpViewer ACBP=A9
 0001:0005042C 0001125F C=CODE     S=.text    G=(none)   M=Controls ACBP=A9
 0001:0006168C 000012D6 C=CODE     S=.text    G=(none)   M=ActnList ACBP=A9
 0001:00062964 00001D28 C=CODE     S=.text    G=(none)   M=ImgList  ACBP=A9
 0001:0006468C 00006639 C=CODE     S=.text    G=(none)   M=Menus    ACBP=A9
 0001:0006ACC8 0000C74C C=CODE     S=.text    G=(none)   M=Forms    ACBP=A9
 0001:00077414 000017C8 C=CODE     S=.text    G=(none)   M=InfoMP3  ACBP=A9
 0001:00078BDC 00000A2C C=CODE     S=.text    G=(none)   M=MaskUtils ACBP=A9
 0001:00079608 000029E8 C=CODE     S=.text    G=(none)   M=Mask     ACBP=A9
 0001:0007BFF0 00009274 C=CODE     S=.text    G=(none)   M=Grids    ACBP=A9
 0001:00085264 00000038 C=CODE     S=.text    G=(none)   M=JvWin32  ACBP=A9
 0001:0008529C 00000038 C=CODE     S=.text    G=(none)   M=JvConsts ACBP=A9
 0001:000852D4 00000320 C=CODE     S=.text    G=(none)   M=JvResources ACBP=A9
 0001:000855F4 00000BC0 C=CODE     S=.text    G=(none)   M=JvTypes  ACBP=A9
 0001:000861B4 0000019B C=CODE     S=.text    G=(none)   M=JvThemes ACBP=A9
 0001:00086350 0000006C C=CODE     S=.text    G=(none)   M=JVCLVer  ACBP=A9
 0001:000863BC 0000053C C=CODE     S=.text    G=(none)   M=JvExControls ACBP=A9
 0001:000868F8 00000BA0 C=CODE     S=.text    G=(none)   M=JvExComCtrls ACBP=A9
 0001:00087498 00000120 C=CODE     S=.text    G=(none)   M=WinSock  ACBP=A9
 0001:000875B8 00000058 C=CODE     S=.text    G=(none)   M=ComConst ACBP=A9
 0001:00087610 00000E65 C=CODE     S=.text    G=(none)   M=ComObj   ACBP=A9
 0001:00088478 00000E40 C=CODE     S=.text    G=(none)   M=MysqlComponent ACBP=A9
 0001:000892B8 00000038 C=CODE     S=.text    G=(none)   M=JvVCL5Utils ACBP=A9
 0001:000892F0 00000068 C=CODE     S=.text    G=(none)   M=MMSystem ACBP=A9
 0001:00089358 00000B3C C=CODE     S=.text    G=(none)   M=JvJCLUtils ACBP=A9
 0001:00089E94 000001D0 C=CODE     S=.text    G=(none)   M=JclResources ACBP=A9
 0001:0008A064 00000038 C=CODE     S=.text    G=(none)   M=JclBase  ACBP=A9
 0001:0008A09C 00000038 C=CODE     S=.text    G=(none)   M=JvComponentBase ACBP=A9
 0001:0008A0D4 00000038 C=CODE     S=.text    G=(none)   M=AccCtrl  ACBP=A9
 0001:0008A10C 00000040 C=CODE     S=.text    G=(none)   M=JclWin32 ACBP=A9
 0001:0008A14C 00000038 C=CODE     S=.text    G=(none)   M=JclConsole ACBP=A9
 0001:0008A184 00000068 C=CODE     S=.text    G=(none)   M=JclWideStrings ACBP=A9
 0001:0008A1EC 00000038 C=CODE     S=.text    G=(none)   M=JclLogic ACBP=A9
 0001:0008A224 00000158 C=CODE     S=.text    G=(none)   M=JclStrings ACBP=A9
 0001:0008A37C 00000038 C=CODE     S=.text    G=(none)   M=Jcl8087  ACBP=A9
 0001:0008A3B4 00000038 C=CODE     S=.text    G=(none)   M=JclMath  ACBP=A9
 0001:0008A3EC 00000084 C=CODE     S=.text    G=(none)   M=JclSysUtils ACBP=A9
 0001:0008A470 00000038 C=CODE     S=.text    G=(none)   M=Snmp     ACBP=A9
 0001:0008A4A8 00000038 C=CODE     S=.text    G=(none)   M=TlHelp32 ACBP=A9
 0001:0008A4E0 00000038 C=CODE     S=.text    G=(none)   M=PsAPI    ACBP=A9
 0001:0008A518 00000038 C=CODE     S=.text    G=(none)   M=JclRegistry ACBP=A9
 0001:0008A550 00000038 C=CODE     S=.text    G=(none)   M=JclIniFiles ACBP=A9
 0001:0008A588 000006B5 C=CODE     S=.text    G=(none)   M=JclSysInfo ACBP=A9
 0001:0008AC40 00000044 C=CODE     S=.text    G=(none)   M=JclShell ACBP=A9
 0001:0008AC84 00000038 C=CODE     S=.text    G=(none)   M=JclSecurity ACBP=A9
 0001:0008ACBC 00000038 C=CODE     S=.text    G=(none)   M=JclDateTime ACBP=A9
 0001:0008ACF4 00000124 C=CODE     S=.text    G=(none)   M=JclFileUtils ACBP=A9
 0001:0008AE18 000001BF C=CODE     S=.text    G=(none)   M=JclRTTI  ACBP=A9
 0001:0008AFD8 00000038 C=CODE     S=.text    G=(none)   M=JclMime  ACBP=A9
 0001:0008B010 000001D0 C=CODE     S=.text    G=(none)   M=JvPropertyStore ACBP=A9
 0001:0008B1E0 0000013B C=CODE     S=.text    G=(none)   M=JvAppStorage ACBP=A9
 0001:0008B31C 00000044 C=CODE     S=.text    G=(none)   M=JvProgressUtils ACBP=A9
 0001:0008B360 0000240B C=CODE     S=.text    G=(none)   M=JvJVCLUtils ACBP=A9
 0001:0008D76C 00000038 C=CODE     S=.text    G=(none)   M=JvExExtCtrls ACBP=A9
 0001:0008D7A4 00000038 C=CODE     S=.text    G=(none)   M=JvExForms ACBP=A9
 0001:0008D7DC 00000BA8 C=CODE     S=.text    G=(none)   M=JvExStdCtrls ACBP=A9
 0001:0008E384 00000038 C=CODE     S=.text    G=(none)   M=JvComponent ACBP=A9
 0001:0008E3BC 00000684 C=CODE     S=.text    G=(none)   M=JvComCtrls ACBP=A9
 0001:0008EA40 00001BFC C=CODE     S=.text    G=(none)   M=Spin     ACBP=A9
 0001:0009063C 00000B78 C=CODE     S=.text    G=(none)   M=RLed     ACBP=A9
 0001:000911B4 0000109C C=CODE     S=.text    G=(none)   M=Gauges   ACBP=A9
 0001:00092250 000000D0 C=CODE     S=.text    G=(none)   M=BASS     ACBP=A9
 0001:00092320 00000040 C=CODE     S=.text    G=(none)   M=BASSmix  ACBP=A9
 0001:00092360 00000040 C=CODE     S=.text    G=(none)   M=BASS_FX  ACBP=A9
 0001:000923A0 00001247 C=CODE     S=.text    G=(none)   M=AppEvnts ACBP=A9
 0001:000935E8 00000BA8 C=CODE     S=.text    G=(none)   M=JvExButtons ACBP=A9
 0001:00094190 00000054 C=CODE     S=.text    G=(none)   M=JvWndProcHook ACBP=A9
 0001:000941E4 00000038 C=CODE     S=.text    G=(none)   M=JvHtControls ACBP=A9
 0001:0009421C 00000038 C=CODE     S=.text    G=(none)   M=JvDsgnIntf ACBP=A9
 0001:00094254 00000038 C=CODE     S=.text    G=(none)   M=JvButtons ACBP=A9
 0001:0009428C 000006AC C=CODE     S=.text    G=(none)   M=JvButton ACBP=A9
 0001:00094938 00001BC8 C=CODE     S=.text    G=(none)   M=JvCtrls  ACBP=A9
 0001:00096500 0000046C C=CODE     S=.text    G=(none)   M=Midi     ACBP=A9
 0001:0009696C 00000050 C=CODE     S=.text    G=(none)   M=JConsts  ACBP=A9
 0001:000969BC 000133EC C=CODE     S=.text    G=(none)   M=jpeg     ACBP=A9
 0001:000A9DA8 000004EC C=CODE     S=.text    G=(none)   M=U_VerifSerial ACBP=A9
 0001:000AA294 000007E8 C=CODE     S=.text    G=(none)   M=JvBitBtn ACBP=A9
 0001:000AAA7C 00000855 C=CODE     S=.text    G=(none)   M=mysql    ACBP=A9
 0001:000AB2D4 00000038 C=CODE     S=.text    G=(none)   M=mysqlcomp ACBP=A9
 0001:000AB30C 000002B8 C=CODE     S=.text    G=(none)   M=U_Clock  ACBP=A9
 0001:000AB5C4 00000070 C=CODE     S=.text    G=(none)   M=JvIconList ACBP=A9
 0001:000AB634 00001E34 C=CODE     S=.text    G=(none)   M=JvAni    ACBP=A9
 0001:000AD468 000044F3 C=CODE     S=.text    G=(none)   M=JvGIF    ACBP=A9
 0001:000B195C 00000038 C=CODE     S=.text    G=(none)   M=U_Cartouche ACBP=A9
 0001:000B1994 00008104 C=CODE     S=.text    G=(none)   M=U_Config ACBP=A9
 0001:000B9A98 00000280 C=CODE     S=.text    G=(none)   M=sysop    ACBP=A9
 0001:000B9D18 00001ABC C=CODE     S=.text    G=(none)   M=U_Events ACBP=A9
 0001:000BB7D4 000004D0 C=CODE     S=.text    G=(none)   M=Session  ACBP=A9
 0001:000BBCA4 0000204C C=CODE     S=.text    G=(none)   M=U_Main   ACBP=A9
 0001:000BDCF0 0000163C C=CODE     S=.text    G=(none)   M=U_Bibliotheque ACBP=A9
 0001:000BF32C 000013E8 C=CODE     S=.text    G=(none)   M=U_Waitlist ACBP=A9
 0001:000C0714 00003288 C=CODE     S=.text    G=(none)   M=ScktComp ACBP=A9
 0001:000C399C 00000890 C=CODE     S=.text    G=(none)   M=serverweb ACBP=A9
 0001:000C422C 000002F0 C=CODE     S=.text    G=(none)   M=background ACBP=A9
 0001:000C451C 00000A10 C=CODE     S=.text    G=(none)   M=U_Splash ACBP=A9
 0001:000C4F2C 0000048C C=CODE     S=.text    G=(none)   M=U_About  ACBP=A9
 0001:000C53B8 00008EE4 C=CODE     S=.text    G=(none)   M=Unit1    ACBP=A9
 0001:000CE29C 0000055C C=CODE     S=.text    G=(none)   M=OpenStudio ACBP=A9
 0002:00000000 000000C0 C=DATA     S=.data    G=DGROUP   M=System   ACBP=A9
 0002:000000C0 00000020 C=DATA     S=.data    G=DGROUP   M=SysInit  ACBP=A9
 0002:000000E0 00000254 C=DATA     S=.data    G=DGROUP   M=SysUtils ACBP=A9
 0002:00000334 00000008 C=DATA     S=.data    G=DGROUP   M=VarUtils ACBP=A9
 0002:0000033C 0000008E C=DATA     S=.data    G=DGROUP   M=Variants ACBP=A9
 0002:000003CC 0000000C C=DATA     S=.data    G=DGROUP   M=TypInfo  ACBP=A9
 0002:000003D8 00000010 C=DATA     S=.data    G=DGROUP   M=ActiveX  ACBP=A9
 0002:000003E8 00000100 C=DATA     S=.data    G=DGROUP   M=Classes  ACBP=A9
 0002:000004E8 0000030C C=DATA     S=.data    G=DGROUP   M=Graphics ACBP=A9
 0002:000007F4 00000004 C=DATA     S=.data    G=DGROUP   M=Printers ACBP=A9
 0002:000007F8 00000020 C=DATA     S=.data    G=DGROUP   M=ToolWin  ACBP=A9
 0002:00000818 00000114 C=DATA     S=.data    G=DGROUP   M=Dialogs  ACBP=A9
 0002:0000092C 0000018C C=DATA     S=.data    G=DGROUP   M=ExtCtrls ACBP=A9
 0002:00000AB8 0000009E C=DATA     S=.data    G=DGROUP   M=Buttons  ACBP=A9
 0002:00000B58 00000008 C=DATA     S=.data    G=DGROUP   M=IniFiles ACBP=A9
 0002:00000B60 00000008 C=DATA     S=.data    G=DGROUP   M=Registry ACBP=A9
 0002:00000B68 00000008 C=DATA     S=.data    G=DGROUP   M=Mapi     ACBP=A9
 0002:00000B70 000000ED C=DATA     S=.data    G=DGROUP   M=ComCtrls ACBP=A9
 0002:00000C60 00000068 C=DATA     S=.data    G=DGROUP   M=Themes   ACBP=A9
 0002:00000CC8 00000100 C=DATA     S=.data    G=DGROUP   M=StdCtrls ACBP=A9
 0002:00000DC8 0000013C C=DATA     S=.data    G=DGROUP   M=Controls ACBP=A9
 0002:00000F04 0000002C C=DATA     S=.data    G=DGROUP   M=ImgList  ACBP=A9
 0002:00000F30 000000EC C=DATA     S=.data    G=DGROUP   M=Menus    ACBP=A9
 0002:0000101C 00000128 C=DATA     S=.data    G=DGROUP   M=Forms    ACBP=A9
 0002:00001144 000003C8 C=DATA     S=.data    G=DGROUP   M=InfoMP3  ACBP=A9
 0002:0000150C 00000009 C=DATA     S=.data    G=DGROUP   M=MaskUtils ACBP=A9
 0002:00001518 00000004 C=DATA     S=.data    G=DGROUP   M=Mask     ACBP=A9
 0002:0000151C 00000006 C=DATA     S=.data    G=DGROUP   M=Grids    ACBP=A9
 0002:00001524 0000000E C=DATA     S=.data    G=DGROUP   M=JvConsts ACBP=A9
 0002:00001534 00000438 C=DATA     S=.data    G=DGROUP   M=JvTypes  ACBP=A9
 0002:0000196C 00000008 C=DATA     S=.data    G=DGROUP   M=JvExControls ACBP=A9
 0002:00001974 00000030 C=DATA     S=.data    G=DGROUP   M=ComObj   ACBP=A9
 0002:000019A4 00000005 C=DATA     S=.data    G=DGROUP   M=MysqlComponent ACBP=A9
 0002:000019AC 00000048 C=DATA     S=.data    G=DGROUP   M=JvJCLUtils ACBP=A9
 0002:000019F4 00000004 C=DATA     S=.data    G=DGROUP   M=JclWideStrings ACBP=A9
 0002:000019F8 0000000C C=DATA     S=.data    G=DGROUP   M=JclStrings ACBP=A9
 0002:00001A04 00000008 C=DATA     S=.data    G=DGROUP   M=JclSysUtils ACBP=A9
 0002:00001A0C 00000450 C=DATA     S=.data    G=DGROUP   M=JclSysInfo ACBP=A9
 0002:00001E5C 00000004 C=DATA     S=.data    G=DGROUP   M=JclShell ACBP=A9
 0002:00001E60 00000040 C=DATA     S=.data    G=DGROUP   M=JvPropertyStore ACBP=A9
 0002:00001EA0 00000004 C=DATA     S=.data    G=DGROUP   M=JvProgressUtils ACBP=A9
 0002:00001EA4 00000055 C=DATA     S=.data    G=DGROUP   M=JvJVCLUtils ACBP=A9
 0002:00001EFC 00000010 C=DATA     S=.data    G=DGROUP   M=JvComCtrls ACBP=A9
 0002:00001F0C 00000004 C=DATA     S=.data    G=DGROUP   M=AppEvnts ACBP=A9
 0002:00001F10 00000008 C=DATA     S=.data    G=DGROUP   M=JvWndProcHook ACBP=A9
 0002:00001F18 00000004 C=DATA     S=.data    G=DGROUP   M=JvButton ACBP=A9
 0002:00001F1C 00000090 C=DATA     S=.data    G=DGROUP   M=JvCtrls  ACBP=A9
 0002:00001FAC 00000908 C=DATA     S=.data    G=DGROUP   M=jpeg     ACBP=A9
 0002:000028B4 00000005 C=DATA     S=.data    G=DGROUP   M=mysql    ACBP=A9
 0002:000028BC 00000040 C=DATA     S=.data    G=DGROUP   M=JvGIF    ACBP=A9
 0002:000028FC 00000010 C=DATA     S=.data    G=DGROUP   M=Unit1    ACBP=A9
 0002:00004000 00000664 C=BSS      S=.bss     G=DGROUP   M=System   ACBP=A9
 0002:00004664 00000010 C=BSS      S=.bss     G=DGROUP   M=SysInit  ACBP=A9
 0002:00004674 00000004 C=BSS      S=.bss     G=DGROUP   M=Types    ACBP=A9
 0002:00004678 00000004 C=BSS      S=.bss     G=DGROUP   M=Windows  ACBP=A9
 0002:0000467C 00000004 C=BSS      S=.bss     G=DGROUP   M=Messages ACBP=A9
 0002:00004680 00000004 C=BSS      S=.bss     G=DGROUP   M=SysConst ACBP=A9
 0002:00004684 00000120 C=BSS      S=.bss     G=DGROUP   M=SysUtils ACBP=A9
 0002:000047A4 0000005C C=BSS      S=.bss     G=DGROUP   M=VarUtils ACBP=A9
 0002:00004800 00000040 C=BSS      S=.bss     G=DGROUP   M=Variants ACBP=A9
 0002:00004840 00000004 C=BSS      S=.bss     G=DGROUP   M=RTLConsts ACBP=A9
 0002:00004844 00000004 C=BSS      S=.bss     G=DGROUP   M=TypInfo  ACBP=A9
 0002:00004848 00000004 C=BSS      S=.bss     G=DGROUP   M=ActiveX  ACBP=A9
 0002:0000484C 00000044 C=BSS      S=.bss     G=DGROUP   M=Classes  ACBP=A9
 0002:00004890 00000004 C=BSS      S=.bss     G=DGROUP   M=Consts   ACBP=A9
 0002:00004894 00000060 C=BSS      S=.bss     G=DGROUP   M=Graphics ACBP=A9
 0002:000048F4 00000004 C=BSS      S=.bss     G=DGROUP   M=Math     ACBP=A9
 0002:000048F8 00000004 C=BSS      S=.bss     G=DGROUP   M=Contnrs  ACBP=A9
 0002:000048FC 0000000C C=BSS      S=.bss     G=DGROUP   M=CommCtrl ACBP=A9
 0002:00004908 00000031 C=BSS      S=.bss     G=DGROUP   M=MultiMon ACBP=A9
 0002:0000493C 00000004 C=BSS      S=.bss     G=DGROUP   M=Imm      ACBP=A9
 0002:00004940 00000008 C=BSS      S=.bss     G=DGROUP   M=HelpIntfs ACBP=A9
 0002:00004948 00000004 C=BSS      S=.bss     G=DGROUP   M=WinSpool ACBP=A9
 0002:0000494C 00000004 C=BSS      S=.bss     G=DGROUP   M=Printers ACBP=A9
 0002:00004950 00000034 C=BSS      S=.bss     G=DGROUP   M=FlatSB   ACBP=A9
 0002:00004984 00000004 C=BSS      S=.bss     G=DGROUP   M=SyncObjs ACBP=A9
 0002:00004988 000000CC C=BSS      S=.bss     G=DGROUP   M=UxTheme  ACBP=A9
 0002:00004A54 00000004 C=BSS      S=.bss     G=DGROUP   M=RichEdit ACBP=A9
 0002:00004A58 00000004 C=BSS      S=.bss     G=DGROUP   M=ToolWin  ACBP=A9
 0002:00004A5C 00000004 C=BSS      S=.bss     G=DGROUP   M=ShellAPI ACBP=A9
 0002:00004A60 00000004 C=BSS      S=.bss     G=DGROUP   M=RegStr   ACBP=A9
 0002:00004A64 00000004 C=BSS      S=.bss     G=DGROUP   M=WinInet  ACBP=A9
 0002:00004A68 00000004 C=BSS      S=.bss     G=DGROUP   M=UrlMon   ACBP=A9
 0002:00004A6C 00000004 C=BSS      S=.bss     G=DGROUP   M=ShlObj   ACBP=A9
 0002:00004A70 00000004 C=BSS      S=.bss     G=DGROUP   M=CommDlg  ACBP=A9
 0002:00004A74 00000004 C=BSS      S=.bss     G=DGROUP   M=Dlgs     ACBP=A9
 0002:00004A78 00000038 C=BSS      S=.bss     G=DGROUP   M=Dialogs  ACBP=A9
 0002:00004AB0 00000004 C=BSS      S=.bss     G=DGROUP   M=ExtCtrls ACBP=A9
 0002:00004AB4 00000004 C=BSS      S=.bss     G=DGROUP   M=ComStrs  ACBP=A9
 0002:00004AB8 0000000C C=BSS      S=.bss     G=DGROUP   M=Clipbrd  ACBP=A9
 0002:00004AC4 00000004 C=BSS      S=.bss     G=DGROUP   M=StrUtils ACBP=A9
 0002:00004AC8 00000030 C=BSS      S=.bss     G=DGROUP   M=Buttons  ACBP=A9
 0002:00004AF8 00000004 C=BSS      S=.bss     G=DGROUP   M=ExtDlgs  ACBP=A9
 0002:00004AFC 00000004 C=BSS      S=.bss     G=DGROUP   M=IniFiles ACBP=A9
 0002:00004B00 00000004 C=BSS      S=.bss     G=DGROUP   M=Registry ACBP=A9
 0002:00004B04 00000004 C=BSS      S=.bss     G=DGROUP   M=Mapi     ACBP=A9
 0002:00004B08 00000009 C=BSS      S=.bss     G=DGROUP   M=ExtActns ACBP=A9
 0002:00004B14 00000004 C=BSS      S=.bss     G=DGROUP   M=ListActns ACBP=A9
 0002:00004B18 00000034 C=BSS      S=.bss     G=DGROUP   M=ComCtrls ACBP=A9
 0002:00004B4C 00000008 C=BSS      S=.bss     G=DGROUP   M=Themes   ACBP=A9
 0002:00004B54 00000004 C=BSS      S=.bss     G=DGROUP   M=StdCtrls ACBP=A9
 0002:00004B58 00000004 C=BSS      S=.bss     G=DGROUP   M=StdActns ACBP=A9
 0002:00004B5C 00000014 C=BSS      S=.bss     G=DGROUP   M=WinHelpViewer ACBP=A9
 0002:00004B70 00000080 C=BSS      S=.bss     G=DGROUP   M=Controls ACBP=A9
 0002:00004BF0 00000004 C=BSS      S=.bss     G=DGROUP   M=ActnList ACBP=A9
 0002:00004BF4 0000000C C=BSS      S=.bss     G=DGROUP   M=ImgList  ACBP=A9
 0002:00004C00 00000010 C=BSS      S=.bss     G=DGROUP   M=Menus    ACBP=A9
 0002:00004C10 00000020 C=BSS      S=.bss     G=DGROUP   M=Forms    ACBP=A9
 0002:00004C30 00000004 C=BSS      S=.bss     G=DGROUP   M=InfoMP3  ACBP=A9
 0002:00004C34 00000004 C=BSS      S=.bss     G=DGROUP   M=MaskUtils ACBP=A9
 0002:00004C38 00000004 C=BSS      S=.bss     G=DGROUP   M=Mask     ACBP=A9
 0002:00004C3C 00000004 C=BSS      S=.bss     G=DGROUP   M=Grids    ACBP=A9
 0002:00004C40 00000004 C=BSS      S=.bss     G=DGROUP   M=JvWin32  ACBP=A9
 0002:00004C44 00000004 C=BSS      S=.bss     G=DGROUP   M=JvConsts ACBP=A9
 0002:00004C48 00000004 C=BSS      S=.bss     G=DGROUP   M=JvResources ACBP=A9
 0002:00004C4C 00000004 C=BSS      S=.bss     G=DGROUP   M=JvTypes  ACBP=A9
 0002:00004C50 00000008 C=BSS      S=.bss     G=DGROUP   M=JvThemes ACBP=A9
 0002:00004C58 00000004 C=BSS      S=.bss     G=DGROUP   M=JVCLVer  ACBP=A9
 0002:00004C5C 00000004 C=BSS      S=.bss     G=DGROUP   M=JvExControls ACBP=A9
 0002:00004C60 00000004 C=BSS      S=.bss     G=DGROUP   M=JvExComCtrls ACBP=A9
 0002:00004C64 00000004 C=BSS      S=.bss     G=DGROUP   M=WinSock  ACBP=A9
 0002:00004C68 00000004 C=BSS      S=.bss     G=DGROUP   M=ComConst ACBP=A9
 0002:00004C6C 00000011 C=BSS      S=.bss     G=DGROUP   M=ComObj   ACBP=A9
 0002:00004C80 00000004 C=BSS      S=.bss     G=DGROUP   M=MysqlComponent ACBP=A9
 0002:00004C84 00000004 C=BSS      S=.bss     G=DGROUP   M=JvVCL5Utils ACBP=A9
 0002:00004C88 00000004 C=BSS      S=.bss     G=DGROUP   M=MMSystem ACBP=A9
 0002:00004C8C 00000004 C=BSS      S=.bss     G=DGROUP   M=JvJCLUtils ACBP=A9
 0002:00004C90 00000004 C=BSS      S=.bss     G=DGROUP   M=JclResources ACBP=A9
 0002:00004C94 00000004 C=BSS      S=.bss     G=DGROUP   M=JclBase  ACBP=A9
 0002:00004C98 00000004 C=BSS      S=.bss     G=DGROUP   M=JvComponentBase ACBP=A9
 0002:00004C9C 00000004 C=BSS      S=.bss     G=DGROUP   M=AccCtrl  ACBP=A9
 0002:00004CA0 00000004 C=BSS      S=.bss     G=DGROUP   M=JclWin32 ACBP=A9
 0002:00004CA4 00000004 C=BSS      S=.bss     G=DGROUP   M=JclConsole ACBP=A9
 0002:00004CA8 00000004 C=BSS      S=.bss     G=DGROUP   M=JclWideStrings ACBP=A9
 0002:00004CAC 00000004 C=BSS      S=.bss     G=DGROUP   M=JclLogic ACBP=A9
 0002:00004CB0 00000504 C=BSS      S=.bss     G=DGROUP   M=JclStrings ACBP=A9
 0002:000051B4 00000004 C=BSS      S=.bss     G=DGROUP   M=Jcl8087  ACBP=A9
 0002:000051B8 00000004 C=BSS      S=.bss     G=DGROUP   M=JclMath  ACBP=A9
 0002:000051BC 00000004 C=BSS      S=.bss     G=DGROUP   M=JclSysUtils ACBP=A9
 0002:000051C0 00000004 C=BSS      S=.bss     G=DGROUP   M=Snmp     ACBP=A9
 0002:000051C4 00000004 C=BSS      S=.bss     G=DGROUP   M=TlHelp32 ACBP=A9
 0002:000051C8 00000004 C=BSS      S=.bss     G=DGROUP   M=PsAPI    ACBP=A9
 0002:000051CC 00000004 C=BSS      S=.bss     G=DGROUP   M=JclRegistry ACBP=A9
 0002:000051D0 00000004 C=BSS      S=.bss     G=DGROUP   M=JclIniFiles ACBP=A9
 0002:000051D4 00000010 C=BSS      S=.bss     G=DGROUP   M=JclSysInfo ACBP=A9
 0002:000051E4 00000004 C=BSS      S=.bss     G=DGROUP   M=JclShell ACBP=A9
 0002:000051E8 00000004 C=BSS      S=.bss     G=DGROUP   M=JclSecurity ACBP=A9
 0002:000051EC 00000004 C=BSS      S=.bss     G=DGROUP   M=JclDateTime ACBP=A9
 0002:000051F0 00000004 C=BSS      S=.bss     G=DGROUP   M=JclFileUtils ACBP=A9
 0002:000051F4 00000008 C=BSS      S=.bss     G=DGROUP   M=JclRTTI  ACBP=A9
 0002:000051FC 00000004 C=BSS      S=.bss     G=DGROUP   M=JclMime  ACBP=A9
 0002:00005200 00000004 C=BSS      S=.bss     G=DGROUP   M=JvPropertyStore ACBP=A9
 0002:00005204 00000008 C=BSS      S=.bss     G=DGROUP   M=JvAppStorage ACBP=A9
 0002:0000520C 00000004 C=BSS      S=.bss     G=DGROUP   M=JvProgressUtils ACBP=A9
 0002:00005210 00000404 C=BSS      S=.bss     G=DGROUP   M=JvJVCLUtils ACBP=A9
 0002:00005614 00000004 C=BSS      S=.bss     G=DGROUP   M=JvExExtCtrls ACBP=A9
 0002:00005618 00000004 C=BSS      S=.bss     G=DGROUP   M=JvExForms ACBP=A9
 0002:0000561C 00000004 C=BSS      S=.bss     G=DGROUP   M=JvExStdCtrls ACBP=A9
 0002:00005620 00000004 C=BSS      S=.bss     G=DGROUP   M=JvComponent ACBP=A9
 0002:00005624 00000004 C=BSS      S=.bss     G=DGROUP   M=JvComCtrls ACBP=A9
 0002:00005628 00000004 C=BSS      S=.bss     G=DGROUP   M=Spin     ACBP=A9
 0002:0000562C 00000004 C=BSS      S=.bss     G=DGROUP   M=RLed     ACBP=A9
 0002:00005630 00000004 C=BSS      S=.bss     G=DGROUP   M=Gauges   ACBP=A9
 0002:00005634 00000004 C=BSS      S=.bss     G=DGROUP   M=BASS     ACBP=A9
 0002:00005638 00000004 C=BSS      S=.bss     G=DGROUP   M=BASSmix  ACBP=A9
 0002:0000563C 00000004 C=BSS      S=.bss     G=DGROUP   M=BASS_FX  ACBP=A9
 0002:00005640 00000004 C=BSS      S=.bss     G=DGROUP   M=AppEvnts ACBP=A9
 0002:00005644 00000004 C=BSS      S=.bss     G=DGROUP   M=JvExButtons ACBP=A9
 0002:00005648 00000004 C=BSS      S=.bss     G=DGROUP   M=JvWndProcHook ACBP=A9
 0002:0000564C 00000004 C=BSS      S=.bss     G=DGROUP   M=JvHtControls ACBP=A9
 0002:00005650 00000004 C=BSS      S=.bss     G=DGROUP   M=JvDsgnIntf ACBP=A9
 0002:00005654 00000004 C=BSS      S=.bss     G=DGROUP   M=JvButtons ACBP=A9
 0002:00005658 00000004 C=BSS      S=.bss     G=DGROUP   M=JvButton ACBP=A9
 0002:0000565C 00000004 C=BSS      S=.bss     G=DGROUP   M=JvCtrls  ACBP=A9
 0002:00005660 0000000C C=BSS      S=.bss     G=DGROUP   M=Midi     ACBP=A9
 0002:0000566C 00000004 C=BSS      S=.bss     G=DGROUP   M=JConsts  ACBP=A9
 0002:00005670 00000004 C=BSS      S=.bss     G=DGROUP   M=jpeg     ACBP=A9
 0002:00005674 00000008 C=BSS      S=.bss     G=DGROUP   M=U_VerifSerial ACBP=A9
 0002:0000567C 00000004 C=BSS      S=.bss     G=DGROUP   M=JvBitBtn ACBP=A9
 0002:00005680 000000E8 C=BSS      S=.bss     G=DGROUP   M=mysql    ACBP=A9
 0002:00005768 00000004 C=BSS      S=.bss     G=DGROUP   M=mysqlcomp ACBP=A9
 0002:0000576C 00000008 C=BSS      S=.bss     G=DGROUP   M=U_Clock  ACBP=A9
 0002:00005774 00000004 C=BSS      S=.bss     G=DGROUP   M=JvIconList ACBP=A9
 0002:00005778 00000004 C=BSS      S=.bss     G=DGROUP   M=JvAni    ACBP=A9
 0002:0000577C 00000008 C=BSS      S=.bss     G=DGROUP   M=JvGIF    ACBP=A9
 0002:00005784 00000004 C=BSS      S=.bss     G=DGROUP   M=U_Cartouche ACBP=A9
 0002:00005788 00000008 C=BSS      S=.bss     G=DGROUP   M=U_Config ACBP=A9
 0002:00005790 00000008 C=BSS      S=.bss     G=DGROUP   M=sysop    ACBP=A9
 0002:00005798 00000008 C=BSS      S=.bss     G=DGROUP   M=U_Events ACBP=A9
 0002:000057A0 00000008 C=BSS      S=.bss     G=DGROUP   M=Session  ACBP=A9
 0002:000057A8 00000010 C=BSS      S=.bss     G=DGROUP   M=U_Main   ACBP=A9
 0002:000057B8 00000008 C=BSS      S=.bss     G=DGROUP   M=U_Bibliotheque ACBP=A9
 0002:000057C0 00000008 C=BSS      S=.bss     G=DGROUP   M=U_Waitlist ACBP=A9
 0002:000057C8 00000194 C=BSS      S=.bss     G=DGROUP   M=ScktComp ACBP=A9
 0002:0000595C 0000000C C=BSS      S=.bss     G=DGROUP   M=serverweb ACBP=A9
 0002:00005968 00000008 C=BSS      S=.bss     G=DGROUP   M=background ACBP=A9
 0002:00005970 00000008 C=BSS      S=.bss     G=DGROUP   M=U_Splash ACBP=A9
 0002:00005978 00000008 C=BSS      S=.bss     G=DGROUP   M=U_About  ACBP=A9
 0002:00005980 00000008 C=BSS      S=.bss     G=DGROUP   M=Unit1    ACBP=A9


  Address         Publics by Name

 0001:0009E638       ..
 0001:0009C6F0       ..
 0001:000A3834       ..
 0001:0009ED10       ..
 0001:000A3944       ..
 0002:00002454       ..
 0001:0009FDA0       ..
 0001:000A48F0       ..
 0001:0009C148       ..
 0002:00002038       ..
 0001:000A5118       ..
 0001:000A0094       ..
 0001:000A5C48       ..
 0002:00002254       ..
 0001:000A0364       ..
 0001:000A5DA4       ..
 0001:000A62E0       ..
 0001:000A6AE4       ..
 0001:0009D338       ..
 0001:000A716C       ..
 0001:0009BB5C       ..
 0001:000A7A94       ..
 0002:000020C8       ..
 0002:000027F4       ..
 0001:000A7FAC       ..
 0001:000A18B8       ..
 0001:000A9018       ..
 0001:0009AFD0       ..
 0002:00002048       ..
 0002:00002148       ..
 0001:0009A2A8       ..
 0001:000984DC       ..
 0001:00099B68       ..
 0001:000996A4       ..
 0001:00099140       ..
 0002:00005204       .01
 0002:00005620       .01
 0002:00004CA4       .01
 0002:00005650       .1
 0002:00004840       .1
 0002:00004A5C       .1
 0002:00004C58       .1
 0002:00004A60       .1
 0002:00004C40       .1
 0002:00004B04       .1
 0002:0000466C       .1
 0002:00004C64       .1
 0002:00004C90       .1
 0002:00004C68       .1
 0002:0000520C       .1
 0002:00005764       .1
 0002:00004A6C       .1
 0002:00005634       .1
 0002:00004A54       .1
 0002:00004AC4       .1
 0002:00004C9C       .1
 0002:00004680       .1
 0002:0000467C       .1
 0002:00004A44       .1
 0002:000051FC       .1
 0002:00004970       .1
 0002:000051E8       .1
 0002:000051E4       .1
 0002:00004CAC       .1
 0002:00004B64       .1
 0002:00004CB0       .1
 0002:00004AB4       .1
 0002:00004C48       .1
 0002:00004674       .1
 0002:00004A64       .1
 0002:0000493C       .1
 0002:00004890       .1
 0002:00004928       .1
 0002:0000566C       .1
 0002:00004C44       .1
 0002:00004C84       .1
 0002:000051B4       .1
 0002:000051D0       .1
 0002:000051C0       .1
 0002:00004C8C       .1
 0002:000048FC       .1
 0002:000051C4       .1
 0002:00004A74       .1
 0002:000051C8       .1
 0002:00004A68       .1
 0002:00005638       .1
 0002:00004A70       .1
 0002:0000563C       .1
 0002:00004A78       .11
 0002:00004C3C       .11
 0002:00005614       .12
 0002:00004AB0       .12
 0002:00004898       .12
 0002:000051CC       .2
 0002:00004C34       .2
 0002:000051D4       .2
 0002:00004CA0       .2
 0002:00004C98       .2
 0002:00004C50       .2
 0002:000048F4       .2
 0002:000051EC       .2
 0002:00004C80       .2
 0002:00004940       .2
 0002:00005678       .2
 0002:0000567C       .2
 0002:00005768       .2
 0002:00005770       .2
 0002:00005774       .2
 0002:0000562C       .2
 0002:00005630       .2
 0002:00004B4C       .2
 0002:00005784       .2
 0002:0000578C       .2
 0002:00005794       .2
 0002:0000579C       .2
 0002:000057A4       .2
 0002:0000597C       .2
 0002:000057B4       .2
 0002:000057BC       .2
 0002:000057C4       .2
 0002:00005648       .2
 0002:00005964       .2
 0002:0000596C       .2
 0002:00004ABC       .2
 0002:00005974       .2
 0002:00005624       .21
 0002:000048F8       .21
 0002:00004848       .3
 0002:00004AF8       .3
 0002:00004678       .3
 0002:00004BF4       .3
 0002:0000494C       .3
 0002:00005640       .3
 0002:00005670       .3
 0002:00004948       .3
 0002:00005644       .3
 0002:00004CA8       .3
 0002:00004794       .35
 0002:00004B18       .36
 0002:00004A58       .4
 0002:00004C94       .4
 0002:00005660       .4
 0002:00005658       .4
 0002:000051F4       .4
 0002:0000565C       .4
 0002:00005200       .4
 0002:00004AC8       .4
 0002:00004C6C       .41
 0002:00004C18       .41
 0002:000057C8       .41
 0002:00004B54       .42
 0002:000051F0       .42
 0002:00004858       .45
 0002:00005628       .5
 0002:00005780       .5
 0002:00005778       .5
 0002:00004B00       .5
 0002:000045BC       .5
 0002:00004C38       .5
 0002:000047FC       .5
 0002:00005984       .5
 0002:000051BC       .5
 0002:00004844       .6
 0002:00005210       .6
 0002:00004984       .6
 0002:00004C88       .7
 0002:000051B8       .7
 0002:00004C4C       .7
 0002:00005654       .7
 0002:0000564C       .7
 0002:00004B08       .72
 0002:00004B78       .72
 0002:00004B58       .73
 0002:00004AFC       .8
 0002:00004C30       .8
 0002:00004B14       .8
 0002:00004BF0       .8
 0002:00004820       .81
 0002:0000561C       .81
 0002:00004C5C       .9
 0002:00005618       .9
 0002:00004C08       .9
 0002:00004C60       .92
 0001:00001B3C       @AbstractError
 0001:00002DB4       @AfterConstruction
 0001:00001BBC       @Append
 0001:00002BE8       @AsClass
 0001:00001E20       @Assign
 0001:000020D0       @AStrCmp
 0001:00002DC4       @BeforeDestruction
 0001:00001F7C       @BlockRead
 0001:00002978       @BoundErr
 0001:00002C34       @CallDynaInst
 0001:00002D5C       @ClassCreate
 0001:00002DAC       @ClassDestroy
 0001:00001F9C       @Close
 0001:00002160       @CloseFile
 0001:000018D8       @Copy
 0001:00004540       @CopyArray
 0001:00004424       @CopyRecord
 0001:00001AEC       @COS
 0001:000046AC       @DispCallByIDError
 0001:0000F0B8       @DispInvokeError
 0001:00004648       @Dispose
 0001:00003240       @DoneExcept
 0001:00004C04       @DynArrayAsg
 0001:00004BC8       @DynArrayClear
 0001:00004A08       @DynArrayHigh
 0001:00004A00       @DynArrayLength
 0001:00004BBC       @DynArraySetLength
 0001:00003328       @ExceptionHandler
 0001:00002140       @FillChar
 0001:00004400       @Finalize
 0001:00004314       @FinalizeArray
 0001:000042C8       @FinalizeRecord
 0001:00002C4C       @FindDynaInst
 0001:00001EDC       @Flush
 0001:0000296C       @FpuInit
 0001:000028A8       @FpuMaskInit
 0001:00001754       @FreeMem
 0001:00001734       @GetMem
 0001:000059A4       @GetTls
 0001:0000378C       @Halt
 0001:000036B4       @Halt0
 0001:00002ED8       @HandleAnyException
 0001:0000318C       @HandleFinally
 0001:00003004       @HandleOnException
 0001:000059F0       @InitExe
 0001:000042BC       @Initialize
 0001:00004228       @InitializeArray
 0001:000041F8       @InitializeRecord
 0001:0000355C       @InitImports
 0001:00003534       @InitResStringImports
 0001:00003510       @InitResStrings
 0001:00003580       @InitWideStrings
 0001:000052E8       @IntfAddRef
 0001:000052B8       @IntfCast
 0001:00005274       @IntfClear
 0001:0000528C       @IntfCopy
 0001:00002BC4       @IsClass
 0001:00002878       @isNECWindows
 0001:000A3784       @jcopy_block_row
 0001:000A3738       @jcopy_sample_rows
 0001:000A3710       @jdiv_round_up
 0001:0009D2A4       @jinit_1pass_quantizer
 0001:0009E518       @jinit_2pass_quantizer
 0001:000A6F20       @jinit_color_converter
 0001:0009C524       @jinit_color_deconverter
 0001:000A4844       @jinit_compress_master
 0001:000A6A1C       @jinit_c_coef_controller
 0001:000A5D20       @jinit_c_main_controller
 0001:000A5B80       @jinit_c_master_control
 0001:000A6238       @jinit_c_prep_controller
 0001:000A790C       @jinit_downsampler
 0001:0009FC8C       @jinit_d_coef_controller
 0001:0009EC30       @jinit_d_main_controller
 0001:000A0000       @jinit_d_post_controller
 0001:000A7F30       @jinit_forward_dct
 0001:0009BB1C       @jinit_huff_decoder
 0001:000A9C74       @jinit_huff_encoder
 0001:0009965C       @jinit_input_controller
 0001:000A02E8       @jinit_inverse_dct
 0001:000A35B4       @jinit_marker_reader
 0001:000A50C4       @jinit_marker_writer
 0001:0009A270       @jinit_master_decompress
 0001:00099008       @jinit_memory_mgr
 0001:0009C0C8       @jinit_merged_upsampler
 0001:0009AF5C       @jinit_phuff_decoder
 0001:000A8A3C       @jinit_phuff_encoder
 0001:000A0848       @jinit_upsampler
 0001:000A37A4       @jpeg_abort
 0001:000A381C       @jpeg_alloc_huff_table
 0001:000A3804       @jpeg_alloc_quant_table
 0001:000A8CEC       @jpeg_fdct_float
 0001:000A8A80       @jpeg_fdct_ifast
 0001:0009B404       @jpeg_fill_bit_buffer
 0001:00099114       @jpeg_free_large
 0001:00099104       @jpeg_free_small
 0001:000A99B8       @jpeg_gen_optimal_table
 0001:0009910C       @jpeg_get_large
 0001:000990FC       @jpeg_get_small
 0001:0009B550       @jpeg_huff_decode
 0001:000A187C       @jpeg_idct_1x1
 0001:000A168C       @jpeg_idct_2x2
 0001:000A12D8       @jpeg_idct_4x4
 0001:000A0A60       @jpeg_idct_float
 0001:000A0EA4       @jpeg_idct_ifast
 0001:000A91A8       @jpeg_make_c_derived_tbl
 0001:0009B108       @jpeg_make_d_derived_tbl
 0001:0009911C       @jpeg_mem_available
 0001:00099138       @jpeg_mem_init
 0001:0009913C       @jpeg_mem_term
 0001:00099128       @jpeg_open_backing_store
 0001:000A3480       @jpeg_resync_to_restart
 0001:000A4608       @jpeg_suppress_tables
 0001:000A3720       @jround_up
 0001:000A3794       @jzero_far
 0001:00003CD8       @LStrAddRef
 0001:0000384C       @LStrArrayClr
 0001:0000387C       @LStrAsg
 0001:00003AF0       @LStrCat
 0001:00003B34       @LStrCat3
 0001:00003BA8       @LStrCatN
 0001:00003828       @LStrClr
 0001:00003C34       @LStrCmp
 0001:00003D48       @LStrCopy
 0001:00003D88       @LStrDelete
 0001:00003A98       @LStrFromArray
 0001:00003A10       @LStrFromChar
 0001:00003A20       @LStrFromPChar
 0001:00003918       @LStrFromPCharLen
 0001:00003A50       @LStrFromPWChar
 0001:00003984       @LStrFromPWCharLen
 0001:00003A8C       @LStrFromString
 0001:00003AB0       @LStrFromWStr
 0001:00003DD0       @LStrInsert
 0001:000038C0       @LStrLAsg
 0001:00003AE8       @LStrLen
 0001:00003ED8       @LStrOfChar
 0001:00003E2C       @LStrPos
 0001:00003E74       @LStrSetLength
 0001:00003CE8       @LStrToPChar
 0001:00003AC4       @LStrToString
 0001:00004634       @New
 0001:000038EC       @NewAnsiString
 0001:00003F34       @NewWideString
 0001:0000258C       @Pow10
 0001:0000204C       @PStrCmp
 0001:00002024       @PStrCpy
 0001:00001FF4       @PStrNCat
 0001:00002030       @PStrNCpy
 0001:000031EC       @RaiseAgain
 0001:000031C4       @RaiseExcept
 0001:00001774       @ReallocMem
 0001:00002268       @ResetFile
 0001:00001BB0       @RewritText
 0001:00001B0C       @ROUND
 0001:00003798       @RunError
 0001:00002284       @Seek
 0001:00002570       @SetEq
 0001:00002518       @SetRange
 0001:00001AFC       @SIN
 0001:000034D0       @StartExe
 0001:00000314       @strlen
 0001:00001B18       @TRUNC
 0001:00003270       @TryFinallyExit
 0001:00003D40       @UniqueStringA
 0001:000047D0       @ValInt64
 0001:000022B8       @ValLong
 0001:000137FC       @VarAddRef
 0001:0000F998       @VarCast
 0001:0000F3A4       @VarClear
 0001:000042FC       @VarClr
 0001:0000F3B8       @VarClr
 0001:0000F6CC       @VarCopy
 0001:0000440C       @VarCopy
 0001:000136DC       @VarFromBool
 0001:00013568       @VarFromByte
 0001:0001372C       @VarFromCurr
 0001:00013684       @VarFromCurrency
 0001:000136B0       @VarFromDate
 0001:000137D0       @VarFromDisp
 0001:00013658       @VarFromDouble
 0001:0001350C       @VarFromInt
 0001:00013608       @VarFromInt64
 0001:00013548       @VarFromInteger
 0001:000137A4       @VarFromIntf
 0001:000135A8       @VarFromLongWord
 0001:00013740       @VarFromLStr
 0001:00013704       @VarFromReal
 0001:000135C8       @VarFromShortInt
 0001:00013634       @VarFromSingle
 0001:000135E8       @VarFromSmallInt
 0001:00013718       @VarFromTDateTime
 0001:00013588       @VarFromWord
 0001:0001376C       @VarFromWStr
 0001:0000F10C       @VarNull
 0001:00010E1C       @VarToBoolean
 0001:0001025C       @VarToByte
 0001:00011FE0       @VarToCurrency
 0001:00011A78       @VarToDate
 0001:00013460       @VarToDisp
 0001:00011324       @VarToDouble
 0001:00010820       @VarToInt64
 0001:0000FD5C       @VarToInteger
 0001:00013394       @VarToIntf
 0001:000104D4       @VarToLongWord
 0001:00012694       @VarToLStr
 0001:000101AC       @VarToShortInt
 0001:000116A0       @VarToSingle
 0001:00010304       @VarToSmallInt
 0001:000103FC       @VarToWord
 0001:00012DBC       @VarToWStr
 0001:00003F04       @Write0LString
 0001:000023D0       @WriteBytes
 0001:000024A0       @WriteLn
 0001:00003F0C       @WriteLString
 0001:00002424       @WriteSpaces
 0001:00003F74       @WStrArrayClr
 0001:00003F98       @WStrAsg
 0001:00003F5C       @WStrClr
 0001:000040E4       @WStrCmp
 0001:00004168       @WStrCopy
 0001:000040B8       @WStrFromLStr
 0001:00003FBC       @WStrFromPCharLen
 0001:0000407C       @WStrFromPWChar
 0001:00004048       @WStrFromPWCharLen
 0001:0000406C       @WStrFromWChar
 0001:000040D8       @WStrLen
 0001:000041B4       @WStrSetLength
 0001:000040C8       @WStrToPWChar
 0001:000024F4       @_CLenToPasStr
 0001:000024E8       @_CToPasStr
 0001:0000189C       @_IOTest
 0001:000046D8       @_lldiv
 0001:00004754       @_llmod
 0001:000046B4       @_llmul
 0001:0000BBF0       Abort
 0002:00005978       About
 0001:00053454       AbsMin
 0001:0000BFBC       AbstractErrorHandler
 0002:0000402C       AbstractErrorProc
 0001:0008A104       AccCtrl
 0001:000874B0       accept
 0002:00000164       AccessMode
 0001:00001804       AcquireExceptionObject
 0001:000170E0       ActivateClassGroup
 0001:00006108       ActivateKeyboardLayout
 0002:00004BAC       ActiveDrag
 0001:00014B14       ActiveX
 0001:00062938       ActnList
 0001:00000440       AddBlockAfter
 0002:000003E8       AddDataModule
 0001:00007A00       AddExitProc
 0001:0001A99C       AddFinished
 0001:000662C0       AddIn
 0001:00005118       AddModuleUnloadProc
 0001:00005108       AddModuleUnloadProc
 0001:0001A9D4       AddNotFinished
 0001:0001B3F8       AddSubComponentsToLoaded
 0001:0001D8A0       AddThread
 0001:0008C94C       AddToHistogram
 0001:0002329C       AdjustColor
 0001:00031470       AdjustColors
 0001:00007CD8       AdjustLineBreaks
 0001:0006D454       Adjustment
 0001:00006110       AdjustWindowRectEx
 0002:00000934       Alignments
 0002:00001F48       Alignments
 0002:00000CD0       Alignments
 0002:00000D10       Alignments
 0002:00000DA8       Alignments
 0002:00000FF4       Alignments
 0002:00001004       Alignments
 0002:00000DB8       Alignments
 0002:00000BA0       AlignStyles
 0001:00074424       AlignWork
 0001:00058C3C       AlignWork
 0001:0001F0B4       AllocateHWnd
 0001:0002D71C       AllocFilterStr
 0002:00001E54       AllocGranularity
 0001:000079B4       AllocMem
 0002:000045B4       AllocMemCount
 0001:00089CFC       AllocMemo
 0002:000045B8       AllocMemSize
 0001:00028948       AllocPatternBitmap
 0001:0000594C       AllocTlsBuffer
 0002:00000DD4       AnchorAlign
 0002:00000DC8       AnimateWindowProc
 0002:00000ED0       AnimationStyle
 0002:00004CB4       AnsiCaseMap
 0002:000019F8       AnsiCaseMapReady
 0002:00004FB4       AnsiCharTypes
 0001:00007BE0       AnsiCompareStr
 0001:00007C18       AnsiCompareText
 0001:000084F0       AnsiLastChar
 0001:00006118       AnsiLower
 0001:00007BAC       AnsiLowerCase
 0001:0000C974       AnsiLowerCaseFileName
 0001:0000C93C       AnsiPos
 0001:0006AAD4       AnsiSameCaption
 0001:00007C50       AnsiSameText
 0001:00007C68       AnsiStrLIComp
 0001:0000CA00       AnsiStrPos
 0001:0000CAA0       AnsiStrRScan
 0001:0000CAC8       AnsiStrScan
 0001:000056E8       AnsiToUtf8
 0001:00007B78       AnsiUpperCase
 0001:0001331C       AnyToIntf
 0001:00009E30       AppendChars
 0001:0000A1F4       AppendFormat
 0001:00009E94       AppendNumber
 0001:00009E74       AppendString
 0001:000935B4       AppEvnts
 0002:00004C10       Application
 0002:000003F8       ApplicationHandleException
 0002:00000400       ApplicationShowException
 0001:000C5188       ApplicationVersion
 0002:0000113C       AppVisible
 0002:00001518       ArrowKey
 0001:0000BFA0       AssertErrorHandler
 0002:00004024       AssertErrorProc
 0001:0001454C       AssignLongStr
 0001:000148F0       AssignVariant
 0001:000AAA7C       assign_proc
 0002:00000C04       ATickMarks
 0002:0000460C       avail
 0001:00008660       BackfillGetDiskFreeSpaceEx
 0001:000C4514       background
 0001:00056020       BackgroundClipped
 0001:0000E028       BackupVarBoolFromStr
 0001:0000E188       BackupVarBStrFromBool
 0001:0000E0A8       BackupVarBStrFromCy
 0001:0000E118       BackupVarBStrFromDate
 0001:0000DFBC       BackupVarCyFromStr
 0001:0000DF50       BackupVarDateFromStr
 0001:0000DE0C       BackupVarI4FromStr
 0001:0000DDB8       BackupVariantChangeTypeEx
 0001:0000DE78       BackupVarR4FromStr
 0001:0000DEE4       BackupVarR8FromStr
 0001:00092318       BASS
 0001:00092358       BASSmix
 0001:00092290       BASS_ChannelBytes2Seconds
 0001:000922C0       BASS_ChannelGetLength
 0001:000922D8       BASS_ChannelGetLevel
 0001:000922D0       BASS_ChannelGetPosition
 0001:000922A0       BASS_ChannelIsActive
 0001:000922B8       BASS_ChannelPause
 0001:000922A8       BASS_ChannelPlay
 0001:00092298       BASS_ChannelSeconds2Bytes
 0001:000922C8       BASS_ChannelSetPosition
 0001:000922E0       BASS_ChannelSetSync
 0001:000922B0       BASS_ChannelStop
 0001:00092270       BASS_Free
 0001:00092398       BASS_FX
 0001:00092360       BASS_FX_TempoCreate
 0001:00092258       BASS_GetDeviceInfo
 0001:00092250       BASS_GetVersion
 0001:00092260       BASS_Init
 0001:00092320       BASS_Mixer_StreamAddChannel
 0001:00092288       BASS_RecordInit
 0001:00092268       BASS_SetDevice
 0001:00092278       BASS_StreamCreateFile
 0001:00092280       BASS_StreamFree
 0001:0000C594       Beep
 0001:00006120       BeginDeferWindowPos
 0001:00017438       BeginGlobalLoading
 0001:00006128       BeginPaint
 0001:000037DC       BeginThread
 0001:000232A8       BetterSize
 0002:000057B8       Bibliotheque
 0001:00067134       BiDiDraw
 0001:000874B8       bind
 0001:0001D78C       BinToHex
 0001:00089DC4       BitBlt
 0001:00005E80       BitBlt
 0002:00000AE4       BitBtnCaptions
 0002:00004ACC       BitBtnGlyphs
 0002:00000B10       BitBtnModalResults
 0002:00000AB8       BitBtnResNames
 0002:000007A8       BitCounts
 0002:000007A0       BitmapCanvasList
 0002:000048B0       BitmapImageLock
 0001:0008D524       BitmapToMemory
 0001:0008D138       BitmapToMemoryStream
 0001:0000DDF4       BiUnimplemented
 0001:000849F8       BlankStr
 0002:000004BC       BlockCode
 0002:000045E4       blockDescBlockList
 0002:000045E8       blockDescFreeList
 0001:00001EF0       BlockIO
 0002:000003CC       BooleanIdents
 0002:00000348       BooleanToStringRule
 0002:000019FC       Bools
 0001:00008228       BoolToStr
 0001:0001241C       BoolToWStrViaOS
 0002:0000092C       BorderStyles
 0002:00000CC8       BorderStyles
 0001:000163C4       Bounds
 0001:00005AA8       Bounds
 0002:00000F9C       Breaks
 0002:000048E8       BrushManager
 0001:0007D778       Build
 0001:00097694       BuildColorMap
 0001:000698E8       BuildImage
 0001:000975EC       BuildPalette
 0002:000008D4       ButtonCaptions
 0002:00000B40       ButtonCount
 0002:000008A8       ButtonNames
 0002:00001EB0       ButtonNames
 0001:00036400       Buttons
 0002:00001018       Buttons
 0002:00000C10       ButtonStates
 0002:00000DA0       ButtonStyles
 0002:00000C20       ButtonStyles
 0002:00004A84       ButtonWidths
 0001:00022A88       BytesPerScanline
 0001:0008CE54       BytesPerScanLine
 0001:00022DE0       ByteSwapColors
 0001:0000C678       ByteToCharIndex
 0001:0000C650       ByteToCharLen
 0001:0000C614       ByteType
 0001:0000C59C       ByteTypeTest
 0002:00004BF8       CachedComCtrlVer
 0001:0007FB44       CalcAxis
 0001:0008086C       CalcAxis
 0001:0007FD88       CalcAxisState
 0001:0007FBD0       CalcFixedAxis
 0001:0001EFF0       CalcJmpOffset
 0001:0007FCE4       CalcMaxCell
 0001:00081CA0       CalcPageExtents
 0001:0008159C       CalcScroll
 0001:00080C04       CalcScrollBar
 0001:0004244C       CalcSize
 0001:00081900       CalcSizeInfo
 0001:00060960       CalcSplitterPos
 0001:00006130       CallNextHookEx
 0001:0000D2C8       CallTerminateProcs
 0001:00006138       CallWindowProc
 0001:0005448C       CancelDrag
 0002:000048EC       CanvasList
 0002:00004BC0       CanvasList
 0002:00001F54       Captions
 0002:00000880       Captions
 0002:00000E8C       CaptureControl
 0001:0007DD4C       CaretPos
 0002:00000F3C       cBooleanToItemAutoFlag
 0001:0002D02C       CenterWindow
 0002:00004ABA       CF_COMPONENT
 0002:0000577C       CF_GIF
 0002:00004AB8       CF_PICTURE
 0002:00004818       ChangeAnyProc
 0001:000529B8       ChangeBiDiModeAlignment
 0002:00000CF0       CharCases
 0002:00000D54       CharCases
 0001:00003948       CharFromWChar
 0001:0008A2D8       CharIsLower
 0001:0008A2EC       CharIsUpper
 0001:0000C84C       CharLength
 0001:00006140       CharLowerBuff
 0001:00006148       CharNext
 0001:0000027C       CharNext
 0001:000210D4       CharsetToIdent
 0001:0000C760       CharToByteIndex
 0001:0000C7C4       CharToByteLen
 0001:00006150       CharToOemA
 0001:00006158       CharUpperBuff
 0001:00023870       CheckBool
 0001:000C18C4       CheckError
 0001:00002E54       CheckJmp
 0001:00006160       CheckMenuItem
 0002:00000F8C       Checks
 0001:000C12F8       CheckSocketResult
 0001:0001B434       CheckSubComponents
 0001:0001D8B8       CheckSynchronize
 0001:0006CE88       CheckTaskWindow
 0001:00054140       CheckUndock
 0001:0000C488       CheckWin32Version
 0002:0000034C       CInvalidCustomVariantType
 0002:00000F40       cItemAutoFlagToBoolean
 0002:00000F38       cItemAutoFlagToMenu
 0001:0001F240       Classes
 0001:00016E70       ClassNotFound
 0001:000C145C       Cleanup
 0002:00004814       ClearAnyProc
 0001:00020964       ClearColor
 0001:00088158       ClearExcepInfo
 0001:0008C908       ClearHistogram
 0001:0008AE8C       ClearInfoList
 0001:000847A0       ClearItem
 0001:00013B38       ClearVariantTypeList
 0001:00006168       ClientToScreen
 0001:0005DF04       ClientToWindow
 0001:00032A88       Clipboard
 0002:00000798       ClipboardFormats
 0001:00032B74       Clipbrd
 0002:0000576C       clock
 0001:00006170       CloseClipboard
 0001:000C6688       CloseDevice
 0001:00005BE0       CloseHandle
 0001:0000021C       CloseHandle
 0001:000BC3CC       CloseSession
 0001:000874C0       closesocket
 0002:0000498C       CloseThemeData
 0002:00004040       CmdLine
 0002:0000403C       CmdShow
 0002:00000F34       cMenuAutoFlagToItem
 0001:0000DE00       CmpUnimplemented
 0002:0000197C       CoAddRefServerProcess
 0002:00001974       CoCreateInstanceEx
 0002:0000198C       CoInitFlags
 0001:00014AB8       CoInitialize
 0002:00001978       CoInitializeEx
 0001:000AF804       ColorItemTwiceInColorMap
 0002:00000518       Colors
 0001:000AD6B4       ColorsToBits
 0001:00020ECC       ColorToIdent
 0002:00000940       ColorToPretyName
 0001:00020EBC       ColorToRGB
 0002:00001534       ColorValues
 0001:00005E88       CombineRgn
 0002:00000D40       ComboBoxStyles
 0002:00004C74       ComClassManagerVar
 0001:00087608       ComConst
 0002:00004900       ComCtl32DLL
 0002:00004B24       ComCtlVersion
 0001:00044C84       ComCtrls
 0002:00004C0C       CommandPool
 0001:000292A4       CommCtrl
 0001:0002C84C       CommDlg
 0001:00000720       Commit
 0002:00004628       committedRoot
 0001:00088420       ComObj
 0001:0007DAE4       CompareExtents
 0001:000658A4       CompareFront
 0001:00089D34       CompareMem
 0001:00007AE0       CompareMem
 0001:00007AB0       CompareStr
 0001:00005BE8       CompareString
 0001:00007B00       CompareText
 0001:00008150       CompareWith
 0001:0001B514       ComponentCreated
 0001:00023640       ComputeAldusChecksum
 0001:00032528       ComStrs
 0002:00005788       Config
 0001:000874C8       connect
 0001:0001F604       Consts
 0001:00029104       Contnrs
 0002:00004B7E       ControlAtom
 0002:00004B84       ControlAtomString
 0001:00071C1C       ControlHasHelp
 0001:000615FC       Controls
 0002:0000041C       Convert
 0002:0000042C       Convert
 0001:0000B990       ConvertAddr
 0001:000AF5AC       ConvertBitsPerPixel
 0001:00009F84       ConvertEraString
 0001:00007978       ConvertError
 0001:00007990       ConvertErrorFmt
 0001:0000A0EC       ConvertYearString
 0001:00004A10       CopyArray
 0001:00025C50       CopyBitmap
 0001:00026318       CopyBitmapAsMask
 0001:00005E90       CopyEnhMetaFile
 0001:00006178       CopyIcon
 0001:00035778       CopyImage
 0001:000361B0       CopyImage
 0001:000262B4       CopyPalette
 0002:00000C64       Copyright
 0001:00068994       CopyToBest
 0002:00001980       CoReleaseServerProcess
 0002:00001984       CoResumeClassObjects
 0002:00001988       CoSuspendClassObjects
 0001:00014AC0       CoUninitialize
 0001:0000C6D0       CountChars
 0002:000048C8       CounterLock
 0001:00084580       CountItem
 0002:00000350       CRangeToType
 0002:00001528       crDragAlt
 0001:0008B2AC       CreateAppStoragePropertyEngineList
 0001:0000BEE4       CreateAssertException
 0001:0000C06C       CreateAVObject
 0001:00005E98       CreateBitmap
 0001:00005EA0       CreateBrushIndirect
 0001:00005EA8       CreateCompatibleBitmap
 0001:00005EB0       CreateCompatibleDC
 0001:0001B594       CreateComponent
 0001:00005EC0       CreateDIBitmap
 0001:00005EB8       CreateDIBSection
 0001:00005BF0       CreateEvent
 0001:00005BF8       CreateFile
 0001:00000224       CreateFileA
 0001:00005EC8       CreateFontIndirect
 0001:00005ED0       CreateHalftonePalette
 0001:0008C8BC       CreateHistogram
 0001:00006180       CreateIcon
 0001:0000BE10       CreateInOutError
 0001:00006188       CreateMenu
 0001:0002E434       CreateMessageDialog
 0001:00005ED8       CreatePalette
 0001:00005EE0       CreatePenIndirect
 0001:00006190       CreatePopupMenu
 0001:00089B70       CreateRealSizeIcon
 0001:00005EE8       CreateRectRgn
 0001:00089CA4       CreateScreenCompatibleDC
 0001:00005EF0       CreateSolidBrush
 0001:00022E38       CreateSystemPalette
 0001:00005C00       CreateThread
 0001:00000284       CreateThread
 0001:00006808       CreateWindow
 0001:000067B0       CreateWindowEx
 0001:0008664C       CreateWMMessage
 0001:00086630       CreateWMMessage
 0002:0000081C       CreationControl
 0002:00000DCC       CreationControl
 0002:000003B8       CRelationshipToBoolean
 0002:00000334       CResult
 0002:0000152C       crMultiDragAlt
 0002:00001524       crMultiDragLink
 0002:00001530       crMultiDragLinkAlt
 0002:0000015C       cSimpleBoolStrs
 0002:00000364       CText
 0002:00000EC8       Ctl3DStyles
 0002:00000D98       Ctl3DStyles
 0002:00000810       Ctl3DStyles
 0001:0007DD18       Ctrl
 0002:00004620       curAlloc
 0002:0000468C       CurrencyDecimals
 0002:00004688       CurrencyFormat
 0002:00004684       CurrencyString
 0002:000057B0       CurrentSongIndex
 0002:000057AC       CurrentWordList
 0001:00009E1C       CurrentYear
 0001:00009800       CurrToStr
 0001:000123AC       CurrToWStrViaOS
 0002:000010B4       CursorMap
 0002:00000DDC       Cursors
 0001:00052CD8       CursorToIdent
 0002:000010A4       cUseAlpha
 0002:000010AC       cUseColorKey
 0002:00000C54       CustomizeStyles
 0001:00007EA4       CvtInt
 0001:00007F10       CvtInt64
 0002:0000019C       CWNear
 0001:00009D6C       Date
 0002:0000468D       DateSeparator
 0001:0000AA34       DateTimeToStr
 0001:0000A9A8       DateTimeToString
 0001:00009954       DateTimeToTimeStamp
 0001:0000AA04       DateToStr
 0001:000123E4       DateToWStrViaOS
 0002:000019AC       Day
 0001:00009D44       DayOfWeek
 0002:00000198       DCon10
 0002:00000514       DDBsOnly
 0001:0001F168       DeallocateHWnd
 0002:00000028       DebugHook
 0002:0000468B       DecimalSeparator
 0001:00009D24       DecodeDate
 0001:00009BD8       DecodeDateFully
 0001:00009A48       DecodeTime
 0001:000007B4       Decommit
 0001:00000DD0       DecommitFree
 0002:000045FC       decommittedRoot
 0001:000AB818       DecreaseBMPColors
 0001:0007507C       Default
 0001:0006F8A4       Default
 0002:00000020       Default8087CW
 0002:0000150C       DefaultBlank
 0002:00000DD0       DefaultDockTreeClass
 0002:00001F50       DefaultImgBtnImagesList
 0002:00001EA8       DefaultMappingMethod
 0002:00000034       DefaultTextLineBreakStyle
 0002:000045C0       DefaultUserCodePage
 0002:00000768       DefBrushData
 0002:00001EA4       DefCompanyName
 0001:000061B0       DeferWindowPos
 0002:000004E8       DefFontData
 0001:00006198       DefFrameProc
 0002:00000228       DefLongDayNames
 0002:000001DC       DefLongMonthNames
 0001:000061A0       DefMDIChildProc
 0002:00000748       DefPenData
 0002:0000020C       DefShortDayNames
 0002:000001AC       DefShortMonthNames
 0001:000061A8       DefWindowProc
 0001:00004C5C       DelayLoadResourceModule
 0001:00000470       DeleteBlock
 0001:000003E0       DeleteCriticalSection
 0001:00005C08       DeleteCriticalSection
 0001:00005EF8       DeleteDC
 0001:00005F00       DeleteEnhMetaFile
 0001:00005C10       DeleteFile
 0001:000084D8       DeleteFile
 0001:00000C18       DeleteFree
 0001:0008C93C       DeleteHistogram
 0001:000061B8       DeleteMenu
 0001:00005F08       DeleteObject
 0001:0004DEFC       DeleteSelectedText
 0001:0008AE68       DeleteType
 0001:0002580C       DeselectBitmap
 0001:0008B2C0       DestroyAppStoragePropertyEngineList
 0001:000061C0       DestroyCursor
 0001:000061C8       DestroyIcon
 0001:000362C0       DestroyLocals
 0001:000061D0       DestroyMenu
 0001:000061D8       DestroyWindow
 0001:0008413C       Detector
 0001:000500E0       DialogEnumerationTester
 0001:0002D0E0       DialogHook
 0001:0002EFF0       Dialogs
 0001:0008D078       DIBFromBit
 0002:000007A4       DIBPalSizes
 0002:000000B0       dig
 0001:0006CCDC       DisableTaskWindows
 0001:00087B6C       DispatchInvoke
 0001:0008814C       DispatchInvokeError
 0001:00086844       DispatchIsDesignMsg
 0001:000061E0       DispatchMessage
 0001:00072EFC       DispatchShortCut
 0001:00088168       DispCall
 0001:0008824C       DispCallByID
 0002:00004000       DispCallByIDProc
 0001:00088078       DispCallError
 0001:00083CD4       DisposeStrItem
 0001:0008BB1C       DivideMap
 0001:0000795C       DivMod
 0001:00086754       DlgCodesToDlgc
 0001:000866FC       DlgcToDlgCodes
 0001:0002C884       Dlgs
 0001:000742D8       DoAlign
 0001:00058ACC       DoAlign
 0001:0007F9DC       DoCalc
 0001:0005CBC4       DoCalcConstraints
 0001:0007FA44       DoCalcRightToLeft
 0001:000801CC       DoChange
 0002:00004BB4       DockSiteList
 0001:000695B4       DoClick
 0001:0007EBB4       DoColWidths
 0001:0005A210       DoControlMsg
 0001:0006CC8C       DoDisableWindow
 0001:00053A6C       DoDragOver
 0001:000079D4       DoExitProc
 0001:0005EC34       DoFindControlZone
 0001:0006CDC8       DoFindWindow
 0001:0005F1C0       DoFindZone
 0001:0005ECB8       DoForEach
 0001:000605C4       DoGetNextLimit
 0001:0006CC54       DoneApplication
 0001:00061324       DoneControls
 0001:0000C398       DoneExceptions
 0001:00071278       DoNestedActivation
 0001:0001D854       DoneThreadSynchronization
 0001:00074128       DoPosition
 0001:0005868C       DoPosition
 0001:0005FBEC       DoPrune
 0001:00030930       DoRect
 0001:0007EBF8       DoRowHeights
 0001:000600C4       DoSaveZone
 0001:000602C8       DoSetNewBounds
 0001:0007E65C       DoSizeAdjust
 0002:000003D4       DotSep
 0001:0008186C       DoUpdate
 0002:00000C2C       DownMessage
 0002:00000B44       DownStyles
 0001:00024928       DoWrite
 0001:00023AC8       DoWrite
 0001:00018A68       DoWrite
 0001:00063F04       DoWrite
 0001:000597F8       DoWriteDesignSize
 0001:00057150       DoWriteIsControl
 0002:00004B98       DragCapture
 0002:00004B8C       DragControl
 0001:000541B4       DragDone
 0001:00053A1C       DragFindTarget
 0001:000539F0       DragFindWindow
 0002:00004BB0       DragImageList
 0001:00053E0C       DragInit
 0001:00053F7C       DragInitControl
 0002:00004B94       DragInternalObject
 0001:00053938       DragMessage
 0002:00004B90       DragObject
 0002:00004BBC       DragSave
 0002:00004BA4       DragSaveCursor
 0002:00004B9C       DragStartPos
 0002:00004BA8       DragThreshold
 0001:00053B3C       DragTo
 0001:000750B8       DrawAppIcon
 0001:0007EF34       DrawAxisLines
 0002:00001EAC       DrawBitmap
 0001:0007F1AC       DrawCells
 0001:0005F758       DrawCloseButton
 0001:0008641C       DrawDotNetControl
 0001:000061E8       DrawEdge
 0001:000061F0       DrawFocusRect
 0001:000061F8       DrawFrameControl
 0001:0005F7B0       DrawGrabberLine
 0001:00006200       DrawIcon
 0001:00006208       DrawIconEx
 0002:00000F04       DrawingStyles
 0001:0007F11C       DrawLines
 0001:00006210       DrawMenuBar
 0001:0006A8F4       DrawMenuItem
 0001:00089C28       DrawRealSizeIcon
 0001:00089D98       DrawText
 0001:00089D64       DrawText
 0001:00006218       DrawText
 0002:00004990       DrawThemeBackground
 0002:000049B4       DrawThemeEdge
 0002:000049B8       DrawThemeIcon
 0002:00004A3C       DrawThemeParentBackground
 0002:00004994       DrawThemeText
 0001:000C1FF4       DropStream
 0001:00022908       DupBits
 0001:000894AC       DupBits
 0001:00004A28       DynArrayClear
 0001:00004A30       DynArraySetLength
 0002:00000FFC       EdgeStyle
 0002:00000D88       EdgeStyles
 0002:00000EB8       EdgeStyles
 0001:0000BDE4       EHeapException.FreeInstance
 0001:00005F10       Ellipse
 0001:00096C7C       EmitMessage
 0002:00000D0C       Empty
 0001:00006220       EmptyClipboard
 0002:00004800       EmptyParam
 0002:000000E0       EmptyStr
 0002:000000E4       EmptyWideStr
 0001:00006228       EnableMenuItem
 0002:00000F94       Enables
 0001:00006230       EnableScrollBar
 0001:0006CD90       EnableTaskWindows
 0002:00004A24       EnableThemeDialogTexture
 0002:00004A40       EnableTheming
 0001:00006238       EnableWindow
 0001:00009BA8       EncodeDate
 0001:00009A08       EncodeTime
 0001:00006240       EndDeferWindowPos
 0001:000174C0       EndGlobalLoading
 0001:00006248       EndPaint
 0001:00003820       EndThread
 0001:000ACB34       EndWriteChunk
 0001:000003D0       EnterCriticalSection
 0001:00005C18       EnterCriticalSection
 0001:00005C20       EnumCalendarInfoA
 0001:00006250       EnumClipboardFormats
 0002:00004924       EnumDisplayMonitors
 0001:0000B604       EnumEraNames
 0001:0000B640       EnumEraYearOffsets
 0001:0006FE68       EnumMonitorsProc
 0001:00006258       EnumThreadWindows
 0001:0001AD44       EnumValue
 0001:00006260       EnumWindows
 0001:0008789C       EOleException.Create
 0001:000877CC       EOleSysError.Create
 0001:00006268       EqualRect
 0002:00004754       EraNames
 0001:0000ACC0       EraToYear
 0002:00004770       EraYearOffsets
 0002:00000088       errCaption
 0001:000655F4       Error
 0001:0001A528       Error
 0001:00001890       Error
 0001:00016A14       Error
 0002:00000004       ErrorAddr
 0001:00001844       ErrorAt
 0001:0000BE90       ErrorHandler
 0002:00000244       ErrorMap
 0002:00004008       ErrorProc
 0002:000043E8       ErrOutput
 0002:00005798       Events
 0001:000017E4       ExceptAddr
 0002:0000400C       ExceptClsProc
 0001:0000C304       ExceptHandler
 0001:0000BC10       Exception.Create
 0001:0000BC4C       Exception.CreateFmt
 0001:0000BD9C       Exception.CreateHelp
 0001:0000BCCC       Exception.CreateRes
 0001:0000BD08       Exception.CreateResFmt
 0002:0000401C       ExceptionClass
 0001:0000B99C       ExceptionErrorMessage
 0002:0000027C       ExceptMap
 0001:000017C4       ExceptObject
 0002:00004010       ExceptObjProc
 0002:00004004       ExceptProc
 0001:00005F18       ExcludeClipRect
 0002:00000000       ExitCode
 0001:000035F8       ExitDll
 0002:00004048       ExitProc
 0001:00000294       ExitProcess
 0002:00004028       ExitProcessProc
 0002:00000158       ExitProcList
 0001:0000028C       ExitThread
 0001:00083EA4       ExpandDir
 0001:00008624       ExpandFileName
 0001:0002D3B8       ExplorerHook
 0001:00037598       ExtActns
 0001:00005F20       ExtCreatePen
 0001:00032488       ExtCtrls
 0001:00036458       ExtDlgs
 0002:000028E0       ExtLabels
 0001:000085DC       ExtractFileExt
 0001:0002DA30       ExtractFileName
 0001:000085A4       ExtractFileName
 0001:0002DA78       ExtractFileNames
 0001:00008570       ExtractFilePath
 0001:00005F28       ExtTextOut
 0002:00004790       FalseBoolStrs
 0002:00004AC0       FClipboard
 0002:0000018C       FCon1E18
 0001:00087498       FD_SET
 0001:000874A8       FD_ZERO
 0001:00008390       FileAge
 0001:00008388       FileClose
 0001:000082F0       FileCreate
 0001:000082CC       FileCreate
 0001:000083F8       FileExists
 0002:0000079C       FileFormats
 0002:00000008       FileMode
 0001:00001C04       FileNOPProc
 0001:00008274       FileOpen
 0001:000082F8       FileRead
 0002:00000410       FilerSignature
 0001:00008350       FileSeek
 0001:00005C28       FileTimeToDosDateTime
 0001:00005C30       FileTimeToLocalFileTime
 0001:00008324       FileWrite
 0001:00000D00       FillAfterGap
 0001:00000CAC       FillBeforeGap
 0001:000AE3F4       FillColorTable
 0001:0007EEE0       FillDWord
 0001:00000D98       FillerSizeAfterGap
 0001:00000D28       FillerSizeBeforeGap
 0001:00006270       FillRect
 0001:000ADBD0       FillRGBPalette
 0002:00000B4C       FillStyles
 0001:000299F4       Finalization
 0001:00061594       Finalization
 0001:00062908       Finalization
 0001:00006CE0       Finalization
 0001:00092328       Finalization
 0001:00006990       Finalization
 0001:00064654       Finalization
 0001:000C3964       Finalization
 0001:0002AA9C       Finalization
 0001:00029A34       Finalization
 0001:00092368       Finalization
 0001:0001F5D4       Finalization
 0001:00006958       Finalization
 0001:0001F190       Finalization
 0001:0008A470       Finalization
 0001:0002B1B8       Finalization
 0001:0008A420       Finalization
 0001:0008A3B4       Finalization
 0001:0008A37C       Finalization
 0001:0006ABD0       Finalization
 0001:00093584       Finalization
 0001:00014210       Finalization
 0001:00090604       Finalization
 0001:000C41E8       Finalization
 0001:000AAA44       Finalization
 0001:000AA25C       Finalization
 0001:0002ADC0       Finalization
 0001:000A9CB8       Finalization
 0001:0008A320       Finalization
 0001:00094158       Finalization
 0001:00013F84       Finalization
 0001:0008A1EC       Finalization
 0001:0008AFD8       Finalization
 0001:000C44E4       Finalization
 0001:0008A190       Finalization
 0001:0008A14C       Finalization
 0001:00005804       Finalization
 0001:0008A114       Finalization
 0001:00077374       Finalization
 0001:0008EA08       Finalization
 0001:00078B24       Finalization
 0001:000795D0       Finalization
 0001:0007BFB8       Finalization
 0001:000C4EF4       Finalization
 0001:0008A0D4       Finalization
 0001:0008A09C       Finalization
 0001:0008A064       Finalization
 0001:0008A02C       Finalization
 0001:00089DF0       Finalization
 0001:000C5380       Finalization
 0001:00089320       Finalization
 0001:0008522C       Finalization
 0001:00085264       Finalization
 0001:0008529C       Finalization
 0001:000855BC       Finalization
 0001:00085E5C       Finalization
 0001:00086308       Finalization
 0001:00086384       Finalization
 0001:00094190       Finalization
 0001:0002AA1C       Finalization
 0001:000CE29C       Finalization
 0001:0008B31C       Finalization
 0001:0008B2D4       Finalization
 0001:000868C0       Finalization
 0001:00087460       Finalization
 0001:000892B8       Finalization
 0001:0002AA64       Finalization
 0001:000941E4       Finalization
 0001:00089280       Finalization
 0001:0008B190       Finalization
 0001:00087580       Finalization
 0001:00005A34       Finalization
 0001:0009421C       Finalization
 0001:000875D8       Finalization
 0001:000883A0       Finalization
 0001:00005AC4       Finalization
 0001:00014AE4       Finalization
 0001:0000E554       Finalization
 0001:0008A4A8       Finalization
 0001:000922E8       Finalization
 0001:00029274       Finalization
 0001:000290D4       Finalization
 0001:0008A4E0       Finalization
 0001:000C06DC       Finalization
 0001:000BF2F4       Finalization
 0001:0008A518       Finalization
 0001:000BDCB8       Finalization
 0001:00028B70       Finalization
 0001:00028980       Finalization
 0001:0002BB3C       Finalization
 0001:0008D700       Finalization
 0001:0008D76C       Finalization
 0001:0008A550       Finalization
 0001:00096984       Finalization
 0001:0002BBAC       Finalization
 0001:000BBC6C       Finalization
 0001:0002C680       Finalization
 0001:0002C6C0       Finalization
 0001:000BB79C       Finalization
 0001:000B9CE0       Finalization
 0001:0002C6F8       Finalization
 0001:0002C730       Finalization
 0001:0002C768       Finalization
 0001:0002C7D4       Finalization
 0001:0002C81C       Finalization
 0001:0002C854       Finalization
 0001:00096910       Finalization
 0001:0008D7A4       Finalization
 0001:000B9A60       Finalization
 0001:0008ABD8       Finalization
 0001:00050358       Finalization
 0001:0008AC40       Finalization
 0001:0004F6D4       Finalization
 0001:000AB288       Finalization
 0001:0004F56C       Finalization
 0001:0000DB98       Finalization
 0001:000AB2D4       Finalization
 0001:0009649C       Finalization
 0001:000B195C       Finalization
 0001:0008E34C       Finalization
 0001:00045AE0       Finalization
 0001:000AB58C       Finalization
 0001:00044C0C       Finalization
 0001:000AB5FC       Finalization
 0001:0008AC84       Finalization
 0001:0008ACBC       Finalization
 0001:0008ADE0       Finalization
 0001:000B190C       Finalization
 0001:000AD398       Finalization
 0001:000375A0       Finalization
 0001:00037548       Finalization
 0001:000374F0       Finalization
 0001:0003748C       Finalization
 0001:00037424       Finalization
 0001:00036428       Finalization
 0001:000363C8       Finalization
 0001:00014A2C       Finalization
 0001:0002EF94       Finalization
 0001:00092218       Finalization
 0001:0008E384       Finalization
 0001:00032BCC       Finalization
 0001:0009117C       Finalization
 0001:00032440       Finalization
 0001:00032B38       Finalization
 0001:000948F4       Finalization
 0001:0008AF7C       Finalization
 0001:000CE264       Finalization
 0001:000324F8       Finalization
 0001:00094254       Finalization
 0001:00004A20       FinalizeArray
 0001:0008AA34       FinalizeSysInfo
 0001:00003410       FinalizeUnits
 0001:000862D4       FinalizeWMPrintClientFix
 0001:00069374       Find
 0001:00004CCC       FindBS
 0001:00043CC8       FindButton
 0001:00016F30       FindClass
 0001:00004C54       FindClassHInstance
 0001:000002A4       FindClose
 0001:000084BC       FindClose
 0001:00005C38       FindClose
 0001:000AD73C       FindColorIndex
 0001:00000C7C       FindCommitted
 0001:00052AB8       FindControl
 0001:0005F3EC       FindControlAtPos
 0001:00013DDC       FindCustomVariantType
 0001:00013E94       FindCustomVariantType
 0001:000544D8       FindDragTarget
 0001:0001B744       FindExistingComponent
 0001:000AD990       FindExtension
 0001:0000846C       FindFirst
 0001:00005C40       FindFirstFile
 0001:000002AC       FindFirstFile
 0001:0006CED4       FindGlobalComponent
 0001:00017350       FindGlobalComponent
 0002:00004864       FindGlobalComponentProcs
 0001:00004C2C       FindHInstance
 0001:000171F8       FindIdentToInt
 0001:00008408       FindMatchingFile
 0002:00004A80       FindMsg
 0001:0001A8D4       FindNestedComponent
 0001:00005C48       FindNextFile
 0001:000655BC       FindPopupControl
 0001:0000E21C       FindProc
 0001:00005C50       FindResource
 0001:00004CA4       FindResourceHInstance
 0001:00076BC8       FindScanline
 0001:0006CE2C       FindTopMostWindow
 0001:0001C628       FindUniqueName
 0001:000544A4       FindVCLWindow
 0001:00006278       FindWindow
 0001:00050138       FindWinHelp
 0001:00086254       FindWMPrintClient
 0001:000861E0       FixedWMPrintClient
 0001:00025C04       FixupBitFields
 0002:0000100C       Flags
 0002:000028FC       flags
 0002:000047A0       FLanguages
 0002:00000C44       FlatOnXp
 0001:0002ADF0       FlatSB
 0002:00004950       FlatSB_EnableScrollBar
 0002:0000495C       FlatSB_GetScrollInfo
 0002:00004960       FlatSB_GetScrollPos
 0002:00004958       FlatSB_GetScrollRange
 0002:00004968       FlatSB_SetScrollInfo
 0002:00004964       FlatSB_SetScrollPos
 0001:0002AAE0       FlatSB_SetScrollProp
 0002:0000496C       FlatSB_SetScrollRange
 0002:00004954       FlatSB_ShowScrollBar
 0002:00000C3C       FlatStyles
 0001:00009490       FloatToDecimal
 0001:000097D0       FloatToStr
 0001:00008EC8       FloatToText
 0001:0000919C       FloatToTextFmt
 0001:00001ED0       Flush
 0001:000AE3A8       FlushCode
 0002:000001A0       FMSecsPerDay
 0001:00008DC4       FmtStr
 0002:00001028       FocusCount
 0002:00001024       FocusMessages
 0002:000006B8       FontCharsets
 0002:000048E0       FontManager
 0002:00000818       ForceCurrentDirectory
 0001:0006CEA8       ForegroundTask
 0002:00005980       Form1
 0001:00008DB0       Format
 0002:000001A8       Format
 0001:000089B8       FormatBuf
 0001:000089AC       FormatClearStr
 0001:0000AA48       FormatDateTime
 0001:00008930       FormatError
 0002:00000184       FormatErrorStrs
 0001:00009830       FormatFloat
 0001:00005C58       FormatMessage
 0001:00096C84       FormatMessage
 0001:00008988       FormatVarToStr
 0001:000773D0       Forms
 0002:00005790       formsysop
 0001:0007DCFC       ForwardMovement
 0001:00002584       FPower10
 0002:000007F4       FPrinter
 0001:000309F4       Frame3D
 0001:00006280       FrameRect
 0001:0000D778       FreeAndNil
 0001:000009E8       FreeCommitted
 0001:00000F08       FreeCurAlloc
 0001:00054598       FreeDeviceContext
 0001:00054654       FreeDeviceContexts
 0001:000AD960       FreeExtensions
 0001:0001EF5C       FreeIntConstList
 0001:00084C6C       FreeItem
 0001:000002B4       FreeLibrary
 0001:00005C60       FreeLibrary
 0001:00089D1C       FreeMemo
 0001:00025760       FreeMemoryContexts
 0001:0001F090       FreeObjectInstance
 0001:0006CF54       FreeObjectInstance
 0001:00005C80       FreeResource
 0001:00000668       FreeSpace
 0001:0000D2E4       FreeTerminateProcs
 0001:0002B1F0       FreeThemeLibrary
 0001:0008AE18       FreeTypeData
 0002:00004B20       FRichEditModule
 0001:00092248       Gauges
 0001:000228F8       GDICheck
 0001:00022850       GDIError
 0001:00005F30       GdiFlush
 0001:00001AE4       Get8087CW
 0001:00005C88       GetACP
 0001:00006288       GetActiveWindow
 0001:000747B4       GetAnimation
 0001:0002DD90       GetAveCharSize
 0001:00033888       GetBitBtnGlyph
 0001:00005F38       GetBitmapBits
 0001:0008CE4C       GetBitmapPixelFormat
 0001:000003E8       GetBlockDesc
 0001:00005F40       GetBrushOrgEx
 0001:00006768       GetBValue
 0001:00006290       GetCapture
 0001:00052DD4       GetCaptureControl
 0001:00006298       GetCaretPos
 0001:00016EDC       GetClass
 0001:000062A0       GetClassInfo
 0001:000062A8       GetClassName
 0001:000062B0       GetClientRect
 0001:000062B8       GetClipboardData
 0001:00024360       GetClipboardFormats
 0001:00005F48       GetClipBox
 0001:00000384       GetCmdShow
 0001:00062B60       GetColor
 0001:0003B600       GetComCtlVersion
 0001:000002BC       GetCommandLine
 0001:00000834       GetCommitted
 0001:000008C4       GetCommittedAt
 0001:00059DC4       GetControlAtPos
 0001:00009EE0       GetCount
 0001:00005C90       GetCPInfo
 0001:00005F50       GetCurrentPositionEx
 0001:00005C98       GetCurrentProcess
 0001:00005CA0       GetCurrentProcessId
 0002:00004A34       GetCurrentThemeName
 0001:00000374       GetCurrentThreadId
 0001:00005CA8       GetCurrentThreadId
 0001:000066EC       GetCurrentTime
 0001:000062C0       GetCursor
 0001:00076BD8       GetCursorHeightMargin
 0001:000062C8       GetCursorPos
 0001:00009F0C       GetDate
 0001:00005CB0       GetDateFormat
 0001:0000ABD8       GetDateOrder
 0001:000062D0       GetDC
 0001:000062D8       GetDCEx
 0001:00005F58       GetDCOrgEx
 0001:00028590       GetDefFontCharSet
 0001:000180B0       GetDesigner
 0001:000062E0       GetDesktopWindow
 0001:00005F70       GetDeviceCaps
 0001:00023858       GetDIB
 0001:00005F60       GetDIBColorTable
 0001:00005F68       GetDIBits
 0001:000237A0       GetDIBSizes
 0001:00022A68       GetDInColors
 0001:00089438       GetDInColors
 0001:000AB86C       GetDInColors
 0001:0008CF94       GetDInColors
 0001:00005CB8       GetDiskFreeSpaceA
 0002:00000154       GetDiskFreeSpaceEx
 0001:000062E8       GetDlgItem
 0001:000606A4       GetDockAlign
 0001:0005377C       GetDockSiteAtPos
 0001:000062F0       GetDoubleClickTime
 0001:00053AA8       GetDropCtl
 0001:00002C04       GetDynaMethod
 0001:000861D0       GetDynamicAddressList
 0001:000861C8       GetDynamicIndexList
 0001:000861BC       GetDynamicMethodCount
 0001:00005F78       GetEnhMetaFileBits
 0001:00005F80       GetEnhMetaFileHeader
 0001:00005F88       GetEnhMetaFilePaletteEntries
 0001:00014280       GetEnumNameValue
 0001:000142CC       GetEnumValue
 0001:0000B6B8       GetEraNamesAndYearOffsets
 0001:0000AC6C       GetEraYearOffset
 0001:00014AD0       GetErrorInfo
 0001:0000C054       GetExceptionClass
 0001:0000C238       GetExceptionObject
 0001:00005CC0       GetExitCodeThread
 0001:00016E64       GetFieldClassTable
 0001:00024340       GetFileFormats
 0001:00000234       GetFileSize
 0001:0000022C       GetFileType
 0001:0000C4A8       GetFileVersion
 0001:00005E68       GetFileVersionInfo
 0001:00005E70       GetFileVersionInfoSize
 0001:000C6590       GetFirstToken
 0001:000062F8       GetFocus
 0001:000210F4       GetFontData
 0001:00006300       GetForegroundWindow
 0001:0000CD68       GetFormatSettings
 0001:00005CC8       GetFullPathName
 0001:00006764       GetGValue
 0001:00020660       GetHashCode
 0001:00071C54       GetHelpInfo
 0001:00029EB4       GetHelpSystem
 0001:00074598       GetHint
 0001:00086798       GetHintColor
 0001:000745D0       GetHintControl
 0001:00087538       gethostbyname
 0001:0006AA70       GetHotkey
 0001:00006308       GetIconInfo
 0001:00089AA4       GetIconSize
 0001:00087EE4       GetIDsOfNames
 0001:00041678       GetImageBitmap
 0001:00006320       GetKeyboardLayout
 0001:00006328       GetKeyboardLayoutList
 0001:00006330       GetKeyboardState
 0001:00002870       GetKeyboardType
 0001:00006310       GetKeyNameText
 0001:00006318       GetKeyState
 0001:00006338       GetLastActivePopup
 0001:0005E96C       GetLastChildZone
 0001:000002C4       GetLastError
 0001:00005CD0       GetLastError
 0001:000C6608       GetLastToken
 0001:0000B47C       GetLocaleChar
 0001:000002CC       GetLocaleInfo
 0001:00005CE0       GetLocaleInfo
 0001:0000B430       GetLocaleStr
 0001:00005CD8       GetLocalTime
 0001:00052D3C       GetLongHint
 0001:00005F90       GetMapMode
 0001:00006340       GetMenu
 0001:00071BDC       GetMenuHelpContext
 0001:00006348       GetMenuItemCount
 0001:00006350       GetMenuItemID
 0001:00006358       GetMenuItemInfo
 0001:00067BC0       GetMenuSize
 0001:00006360       GetMenuState
 0001:00006368       GetMenuString
 0001:00006370       GetMessageTime
 0001:000002D4       GetModuleFileName
 0001:00005CE8       GetModuleFileName
 0001:000002DC       GetModuleHandle
 0001:00005CF0       GetModuleHandle
 0001:0000592C       GetModuleHandle
 0001:0008ACF4       GetModulePath
 0002:00004918       GetMonitorInfo
 0002:0000491C       GetMonitorInfoA
 0002:00004920       GetMonitorInfoW
 0001:0000B4E0       GetMonthDayNames
 0001:0008A794       GetNativeSystemInfo
 0001:00005F98       GetNearestColor
 0001:00006378       GetNextWindow
 0001:00005FA0       GetObject
 0001:0002C80C       GetOpenFileName
 0001:000143F4       GetOrdProp
 0001:00005FA8       GetPaletteEntries
 0001:0000197C       GetParamStr
 0001:00006380       GetParent
 0001:0006D0A8       GetParentForm
 0001:000874D0       getpeername
 0001:00005FB0       GetPixel
 0001:00005CF8       GetPrivateProfileString
 0001:00005D00       GetProcAddress
 0001:000002E4       GetProcAddress
 0001:00006388       GetProp
 0001:00014330       GetPropInfo
 0001:000143A0       GetPropInfos
 0001:0006D568       GetRealScrollPosition
 0001:00062B40       GetRGBColor
 0001:00005FB8       GetRgnBox
 0001:00006760       GetRValue
 0001:0002C814       GetSaveFileName
 0001:00006390       GetScrollInfo
 0001:00006398       GetScrollPos
 0001:000063A0       GetScrollRange
 0001:00087540       getservbyname
 0001:00052CF8       GetShortHint
 0001:000874D8       getsockopt
 0001:0000058C       GetSpace
 0001:000005F0       GetSpaceAt
 0001:0006564C       GetSpecialName
 0001:000002EC       GetStartupInfo
 0001:0000023C       GetStdHandle
 0001:00005D08       GetStdHandle
 0001:00005FC0       GetStockObject
 0001:00005D10       GetStringTypeEx
 0001:00005D18       GetStringTypeExA
 0001:000063A8       GetSubMenu
 0001:000063B0       GetSysColor
 0001:000063B8       GetSysColorBrush
 0001:00005D20       GetSystemInfo
 0001:000063C0       GetSystemMenu
 0001:000063C8       GetSystemMetrics
 0002:00004908       GetSystemMetrics
 0001:00005FC8       GetSystemPaletteEntries
 0001:00005FD8       GetTextExtentPoint
 0001:00005FD0       GetTextExtentPoint32
 0001:00005FE0       GetTextMetrics
[...]
  1053 0001:000C81F7  1055 0001:000C8203  1056 0001:000C822C  1058 0001:000C8238
  1059 0001:000C8261  1061 0001:000C826D  1062 0001:000C8282  1064 0001:000C828E
  1067 0001:000C82A0  1069 0001:000C82BC  1070 0001:000C82C9  1071 0001:000C82D6
  1072 0001:000C82E3  1073 0001:000C82F1  1074 0001:000C82F8  1075 0001:000C8307
  1076 0001:000C8314  1077 0001:000C8321  1081 0001:000C8330  1085 0001:000C8337
  1086 0001:000C8356  1087 0001:000C8362  1098 0001:000C8393  1102 0001:000C88AC
  1104 0001:000C88AF  1105 0001:000C88C0  1106 0001:000C88CC  1107 0001:000C88DD
  1108 0001:000C88E9  1109 0001:000C88FA  1110 0001:000C8906  1111 0001:000C8917
  1112 0001:000C8923  1113 0001:000C8934  1114 0001:000C8940  1115 0001:000C8951
  1116 0001:000C895D  1118 0001:000C896E  1119 0001:000C897A  1120 0001:000C8986
  1121 0001:000C8992  1122 0001:000C899E  1123 0001:000C89AA  1124 0001:000C89AF
  1125 0001:000C89C1  1126 0001:000C89C6  1128 0001:000C89D2  1134 0001:000C89D4
  1136 0001:000C89DC  1137 0001:000C89E3  1139 0001:000C89F2  1140 0001:000C8A0A
  1143 0001:000C8A23  1145 0001:000C8A2B  1146 0001:000C8A38  1147 0001:000C8A45
  1150 0001:000C8A69  1152 0001:000C8A71  1153 0001:000C8A7E  1154 0001:000C8A8B
  1157 0001:000C8AAF  1158 0001:000C8AB7  1159 0001:000C8AC4  1160 0001:000C8AD1
  1163 0001:000C8AF5  1164 0001:000C8AFD  1165 0001:000C8B0A  1166 0001:000C8B17
  1169 0001:000C8B26  1170 0001:000C8B2E  1171 0001:000C8B3B  1172 0001:000C8B48
  1175 0001:000C8B5E  1182 0001:000C8B64  1183 0001:000C8B67  1184 0001:000C8B74
  1185 0001:000C8B81  1190 0001:000C8B84  1192 0001:000C8BAE  1193 0001:000C8BCB
  1194 0001:000C8BE8  1195 0001:000C8C17  1196 0001:000C8C29  1198 0001:000C8C3C
  1199 0001:000C8C82  1200 0001:000C8CC8  1202 0001:000C8D10  1204 0001:000C8D1B
  1205 0001:000C8D2A  1206 0001:000C8D37  1207 0001:000C8D44  1211 0001:000C8D8E
  1212 0001:000C8D9B  1213 0001:000C8DA8  1216 0001:000C8DB8  1217 0001:000C8DC5
  1219 0001:000C8DD2  1221 0001:000C8E14  1227 0001:000C8E5C  1229 0001:000C8E61
  1232 0001:000C8E72  1233 0001:000C8E80  1234 0001:000C8E83  1236 0001:000C8E8F
  1237 0001:000C8E9C  1241 0001:000C8EAB  1242 0001:000C8EB8  1245 0001:000C8EC5
  1249 0001:000C8ECC  1250 0001:000C8EEC  1252 0001:000C8F0C  1253 0001:000C8F63
  1260 0001:000C8F8C  1262 0001:000C8F91  1265 0001:000C8FA2  1266 0001:000C8FB0
  1267 0001:000C8FB3  1269 0001:000C8FBF  1270 0001:000C8FCC  1274 0001:000C8FDB
  1275 0001:000C8FE8  1277 0001:000C8FF5  1286 0001:000C8FFC  1288 0001:000C9019
  1289 0001:000C9033  1290 0001:000C904D  1292 0001:000C9057  1294 0001:000C9089
  1296 0001:000C90B6  1301 0001:000C90CC  1302 0001:000C90EC  1304 0001:000C910C
  1305 0001:000C9163  1309 0001:000C918C  1310 0001:000C9198  1314 0001:000C919C
  1315 0001:000C91AB  1319 0001:000C91AC  1320 0001:000C91CC  1322 0001:000C91EC
  1323 0001:000C9243  1328 0001:000C926C  1330 0001:000C9296  1331 0001:000C92B3
  1332 0001:000C92D0  1333 0001:000C92FF  1334 0001:000C9311  1336 0001:000C9324
  1337 0001:000C936A  1338 0001:000C93B0  1340 0001:000C93F8  1342 0001:000C9403
  1343 0001:000C9412  1344 0001:000C941F  1345 0001:000C942C  1349 0001:000C9476
  1350 0001:000C9483  1351 0001:000C9490  1354 0001:000C94A0  1355 0001:000C94AD
  1357 0001:000C94BA  1358 0001:000C94FC  1366 0001:000C9544  1368 0001:000C9549
  1371 0001:000C955A  1372 0001:000C9568  1373 0001:000C956B  1375 0001:000C9577
  1376 0001:000C9584  1380 0001:000C9593  1381 0001:000C95A0  1384 0001:000C95AD
  1390 0001:000C95B4  1392 0001:000C95B9  1395 0001:000C95CA  1396 0001:000C95D8
  1397 0001:000C95DB  1399 0001:000C95E7  1400 0001:000C95F4  1404 0001:000C9603
  1405 0001:000C9610  1409 0001:000C961D  1416 0001:000C9624  1418 0001:000C9641
  1419 0001:000C965B  1420 0001:000C9675  1422 0001:000C967F  1424 0001:000C96B1
  1425 0001:000C96DE  1429 0001:000C96F4  1430 0001:000C9714  1432 0001:000C9734
  1433 0001:000C978B  1442 0001:000C97B4  1444 0001:000C97E7  1446 0001:000C97FB
  1447 0001:000C980D  1444 0001:000C980E  1449 0001:000C9811  1450 0001:000C9842
  1452 0001:000C985A  1454 0001:000C987F  1456 0001:000C988D  1457 0001:000C989D
  1459 0001:000C98C1  1460 0001:000C98D0  1461 0001:000C98E5  1462 0001:000C98FA
  1463 0001:000C990F  1465 0001:000C9921  1466 0001:000C9926  1467 0001:000C9940
  1469 0001:000C994A  1471 0001:000C9961  1473 0001:000C996A  1474 0001:000C99A0
  1478 0001:000C9A0E  1480 0001:000C9A3B  1469 0001:000C9A3C  1481 0001:000C9A43
  1482 0001:000C9A5D  1467 0001:000C9A60  1485 0001:000C9A77  1488 0001:000C9ACD
  1493 0001:000C9C28  1501 0001:000C9C2B  1506 0001:000C9C30  1513 0001:000C9C33
  1518 0001:000C9C38  1526 0001:000C9C3B  1529 0001:000C9C40  1530 0001:000C9C57
  1531 0001:000C9C9A  1534 0001:000C9CA0  1535 0001:000C9CBC  1536 0001:000C9CEC
  1537 0001:000C9D22  1538 0001:000C9D58  1539 0001:000C9D8E  1540 0001:000C9DC4
  1541 0001:000C9DCA  1542 0001:000C9DFD  1545 0001:000C9E04  1546 0001:000C9E20
  1547 0001:000C9E58  1548 0001:000C9E90  1549 0001:000C9EEA  1552 0001:000C9EF4
  1553 0001:000C9F0F  1554 0001:000C9F45  1555 0001:000C9F7B  1556 0001:000C9FB1
  1557 0001:000C9FB7  1558 0001:000C9FEA  1562 0001:000C9FF0  1563 0001:000CA010
  1565 0001:000CA030  1566 0001:000CA087  1572 0001:000CA0B0  1574 0001:000CA0B5
  1577 0001:000CA0C6  1578 0001:000CA0D4  1579 0001:000CA0D7  1581 0001:000CA0E3
  1582 0001:000CA0F0  1587 0001:000CA0FF  1588 0001:000CA10C  1590 0001:000CA119
  1597 0001:000CA120  1599 0001:000CA13D  1600 0001:000CA157  1601 0001:000CA171
  1603 0001:000CA17B  1605 0001:000CA1AD  1607 0001:000CA1DA  1610 0001:000CA1F0
  1611 0001:000CA1F7  1612 0001:000CA21B  1613 0001:000CA23C  1616 0001:000CA240
  1617 0001:000CA247  1618 0001:000CA26B  1619 0001:000CA28C  1623 0001:000CA290
  1625 0001:000CA2AE  1627 0001:000CA2C1  1628 0001:000CA2CD  1629 0001:000CA2D9
  1631 0001:000CA2E6  1633 0001:000CA2FC  1634 0001:000CA33D  1636 0001:000CA34E
  1639 0001:000CA381  1641 0001:000CA390  1645 0001:000CA3A6  1654 0001:000CA3B3
  1656 0001:000CA3D8  1658 0001:000CA415  1660 0001:000CA424  1661 0001:000CA42D
  1665 0001:000CA438  1666 0001:000CA446  1673 0001:000CA453  1675 0001:000CA489
  1678 0001:000CA498  1679 0001:000CA4A8  1680 0001:000CA4BC  1681 0001:000CA4D0
  1687 0001:000CA4E6  1689 0001:000CA51B  1695 0001:000CA588  1698 0001:000CA5AB
  1699 0001:000CA5C5  1700 0001:000CA5E0  1703 0001:000CA5FB  1706 0001:000CA616
  1708 0001:000CA61F  1710 0001:000CA653  1711 0001:000CA666  1712 0001:000CA674
  1713 0001:000CA682  1718 0001:000CA692  1721 0001:000CA6AF  1724 0001:000CA6BC
  1726 0001:000CA6C8  1730 0001:000CA6D7  1733 0001:000CA6EB  1735 0001:000CA6FB
  1737 0001:000CA70F  1741 0001:000CA724  1742 0001:000CA734  1745 0001:000CA747
  1746 0001:000CA75E  1747 0001:000CA772  1750 0001:000CA786  1751 0001:000CA79A
  1753 0001:000CA7AE  1754 0001:000CA7C2  1759 0001:000CA7D8  1760 0001:000CA7EC
  1762 0001:000CA800  1763 0001:000CA814  1767 0001:000CA828  1775 0001:000CA839
  1776 0001:000CA845  1779 0001:000CA851  1782 0001:000CA85E  1788 0001:000CA8A0
  1791 0001:000CA8D6  1796 0001:000CA990  1798 0001:000CA9A9  1800 0001:000CA9C5
  1802 0001:000CA9D4  1803 0001:000CA9E1  1807 0001:000CA9E9  1808 0001:000CA9FB
  1812 0001:000CAA03  1814 0001:000CAA46  1817 0001:000CAA68  1818 0001:000CAA6B
  1819 0001:000CAA92  1822 0001:000CAA94  1823 0001:000CAA97  1824 0001:000CAABE
  1831 0001:000CAAC0  1832 0001:000CAAE9  1834 0001:000CAAED  1837 0001:000CAAFF
  1838 0001:000CAB0E  1841 0001:000CAB13  1843 0001:000CAB19  1844 0001:000CAB28
  1847 0001:000CAB2D  1850 0001:000CAB3F  1851 0001:000CAB4E  1854 0001:000CAB53
  1856 0001:000CAB59  1857 0001:000CAB81  1860 0001:000CAB86  1863 0001:000CAB98
  1864 0001:000CABB8  1866 0001:000CABBD  1868 0001:000CABC3  1869 0001:000CABF8
  1872 0001:000CABFD  1875 0001:000CAC0F  1876 0001:000CAC2F  1878 0001:000CAC34
  1880 0001:000CAC3A  1881 0001:000CAC6F  1884 0001:000CAC74  1887 0001:000CAC86
  1888 0001:000CAC95  1891 0001:000CAC9A  1894 0001:000CACAC  1895 0001:000CACBB
  1898 0001:000CACC0  1901 0001:000CACD2  1902 0001:000CAD07  1905 0001:000CAD0C
  1908 0001:000CAD1E  1909 0001:000CAD53  1912 0001:000CAD58  1914 0001:000CAD5E
  1915 0001:000CAD6D  1918 0001:000CAD72  1921 0001:000CAD84  1922 0001:000CAD93
  1925 0001:000CAD98  1927 0001:000CAD9E  1928 0001:000CADAD  1931 0001:000CADB2
  1934 0001:000CADC4  1935 0001:000CADD3  1938 0001:000CADD8  1940 0001:000CADDE
  1941 0001:000CAE06  1944 0001:000CAE0B  1947 0001:000CAE1D  1948 0001:000CAE3D
  1950 0001:000CAE42  1952 0001:000CAE48  1953 0001:000CAE7D  1956 0001:000CAE82
  1959 0001:000CAE94  1960 0001:000CAEB4  1962 0001:000CAEB9  1964 0001:000CAEBF
  1965 0001:000CAEF4  1968 0001:000CAEF9  1971 0001:000CAF0B  1972 0001:000CAF1A
  1975 0001:000CAF1F  1978 0001:000CAF31  1979 0001:000CAF40  1982 0001:000CAF45
  1985 0001:000CAF57  1986 0001:000CAF8C  1989 0001:000CAF91  1992 0001:000CAFA3
  1993 0001:000CAFD8  1996 0001:000CAFDD  1998 0001:000CAFE3  1999 0001:000CAFF2
  2002 0001:000CAFF7  2004 0001:000CAFFD  2005 0001:000CB023  2006 0001:000CB02C
  2007 0001:000CB02F  2010 0001:000CB034  2012 0001:000CB03A  2013 0001:000CB06E
  2014 0001:000CB077  2015 0001:000CB07A  2018 0001:000CB07F  2021 0001:000CB091
  2022 0001:000CB0A0  2025 0001:000CB0A5  2027 0001:000CB0AB  2028 0001:000CB0BA
  2031 0001:000CB0BF  2034 0001:000CB0D1  2035 0001:000CB0E0  2038 0001:000CB0E5
  2041 0001:000CB0F7  2042 0001:000CB106  2045 0001:000CB10B  2047 0001:000CB111
  2048 0001:000CB139  2051 0001:000CB13E  2053 0001:000CB144  2054 0001:000CB153
  2057 0001:000CB158  2059 0001:000CB15E  2060 0001:000CB16D  2063 0001:000CB172
  2066 0001:000CB184  2069 0001:000CB196  2071 0001:000CB1A7  2073 0001:000CB1AD
  2076 0001:000CB1BC  2079 0001:000CB1CE  2081 0001:000CB1F3  2083 0001:000CB1F9
  2086 0001:000CB21C  2089 0001:000CB22E  2091 0001:000CB253  2093 0001:000CB259
  2096 0001:000CB27C  2099 0001:000CB28E  2101 0001:000CB2B3  2103 0001:000CB2B9
  2106 0001:000CB2DC  2109 0001:000CB2EE  2111 0001:000CB313  2113 0001:000CB319
  2116 0001:000CB33C  2119 0001:000CB34E  2121 0001:000CB373  2123 0001:000CB379
  2126 0001:000CB39C  2129 0001:000CB3AE  2131 0001:000CB3D3  2133 0001:000CB3D9
  2136 0001:000CB3FC  2139 0001:000CB40E  2141 0001:000CB433  2143 0001:000CB439
  2146 0001:000CB45C  2149 0001:000CB46E  2151 0001:000CB493  2153 0001:000CB499
  2156 0001:000CB4BC  2159 0001:000CB4CE  2161 0001:000CB4F3  2163 0001:000CB4F9
  2166 0001:000CB51C  2175 0001:000CB52C  2184 0001:000CB53C  2193 0001:000CB54C
  2202 0001:000CB55C  2211 0001:000CB56C  2220 0001:000CB57C  2229 0001:000CB58C
  2240 0001:000CB59C  2242 0001:000CB5A2  2243 0001:000CB5B8  2246 0001:000CB5BA
  2248 0001:000CB5C0  2249 0001:000CB5CC  2250 0001:000CB5D8  2252 0001:000CB5EF
  2254 0001:000CB5FB  2258 0001:000CB60A  2263 0001:000CB62C  2266 0001:000CB648
  2267 0001:000CB64B  2274 0001:000CB652  2277 0001:000CB654  2278 0001:000CB657
  2285 0001:000CB65E  2289 0001:000CB660  2290 0001:000CB666  2291 0001:000CB66B
  2292 0001:000CB67E  2299 0001:000CB684  2300 0001:000CB6A7  2303 0001:000CB6B0
  2304 0001:000CB6C1  2305 0001:000CB6CF  2306 0001:000CB6DC  2312 0001:000CB6E9
  2313 0001:000CB738  2314 0001:000CB74D  2317 0001:000CB75E  2320 0001:000CB770
  2321 0001:000CB795  2322 0001:000CB7A2  2323 0001:000CB7AF  2324 0001:000CB7BC
  2325 0001:000CB7C9  2326 0001:000CB7D6  2332 0001:000CB7E8  2335 0001:000CB7F4
  2336 0001:000CB826  2338 0001:000CB858  2344 0001:000CB866  2349 0001:000CB87C
  2352 0001:000CB893  2353 0001:000CB8AC  2354 0001:000CB8DD  2356 0001:000CB8F3
  2358 0001:000CB8F7  2362 0001:000CB913  2363 0001:000CB950  2369 0001:000CB966
  2377 0001:000CB9B9  2382 0001:000CBBA8  2385 0001:000CBBC2  2390 0001:000CBBCE
  2392 0001:000CBBEB  2393 0001:000CBC32  2397 0001:000CBC45  2398 0001:000CBC52
  2400 0001:000CBC5F  2401 0001:000CBC6C  2403 0001:000CBC79  2404 0001:000CBC86
  2406 0001:000CBC93  2407 0001:000CBCA0  2409 0001:000CBCAD  2410 0001:000CBCBA
  2412 0001:000CBCC7  2413 0001:000CBCD4  2415 0001:000CBCE4  2418 0001:000CBCF4
  2420 0001:000CBD06  2422 0001:000CBD40  2425 0001:000CBD70  2426 0001:000CBD73
  2428 0001:000CBD84  2429 0001:000CBD8E  2430 0001:000CBD9A  2432 0001:000CBDA7
  2438 0001:000CBDAC  2444 0001:000CBDB0  2449 0001:000CBDB4  2450 0001:000CBDBB
  2452 0001:000CBDD0  2455 0001:000CBDD8  2460 0001:000CBDDE  2462 0001:000CBDE9
  2466 0001:000CBDF5  2467 0001:000CBE13  2469 0001:000CBE22  2474 0001:000CBE58
  2475 0001:000CBE5F  2477 0001:000CBE74  2480 0001:000CBE7C  2485 0001:000CBE82
  2487 0001:000CBE8D  2491 0001:000CBE99  2492 0001:000CBEB7  2494 0001:000CBEC6
  2497 0001:000CBEFC  2498 0001:000CBF15  2500 0001:000CBF25  2501 0001:000CBF2C
  2502 0001:000CBF36  2503 0001:000CBF46  2504 0001:000CBF95  2505 0001:000CBFA6
  2506 0001:000CBFB4  2507 0001:000CBFD9  2508 0001:000CC000  2512 0001:000CC00F
  2514 0001:000CC03B  2519 0001:000CC070  2520 0001:000CC08D  2521 0001:000CC0A7
  2522 0001:000CC0F6  2528 0001:000CC10C  2534 0001:000CC110  2539 0001:000CC114
  2542 0001:000CC12E  2547 0001:000CC13A  2549 0001:000CC157  2550 0001:000CC19E
  2554 0001:000CC1B1  2555 0001:000CC1BE  2557 0001:000CC1CB  2558 0001:000CC1D8
  2560 0001:000CC1E5  2561 0001:000CC1F2  2563 0001:000CC1FF  2564 0001:000CC20C
  2566 0001:000CC219  2567 0001:000CC226  2569 0001:000CC233  2570 0001:000CC240
  2572 0001:000CC250  2575 0001:000CC260  2577 0001:000CC272  2579 0001:000CC2AC
  2586 0001:000CC2DC  2587 0001:000CC2FF  2590 0001:000CC308  2591 0001:000CC319
  2592 0001:000CC327  2593 0001:000CC334  2599 0001:000CC341  2600 0001:000CC390
  2601 0001:000CC3A1  2604 0001:000CC3B6  2607 0001:000CC3C8  2608 0001:000CC3ED
  2609 0001:000CC3FA  2610 0001:000CC407  2611 0001:000CC414  2612 0001:000CC421
  2613 0001:000CC42E  2619 0001:000CC440  2622 0001:000CC44C  2623 0001:000CC47E
  2624 0001:000CC4B0  2630 0001:000CC4BE  2635 0001:000CC4D4  2638 0001:000CC4EB
  2639 0001:000CC504  2640 0001:000CC535  2642 0001:000CC54B  2644 0001:000CC54F
  2648 0001:000CC56B  2649 0001:000CC5A8  2655 0001:000CC5BE  2664 0001:000CC611
  2667 0001:000CC800  2668 0001:000CC803  2670 0001:000CC814  2671 0001:000CC81E
  2672 0001:000CC82A  2674 0001:000CC837  2677 0001:000CC83C  2678 0001:000CC855
  2680 0001:000CC865  2681 0001:000CC86C  2682 0001:000CC876  2683 0001:000CC886
  2684 0001:000CC8D5  2685 0001:000CC8E6  2686 0001:000CC8F4  2687 0001:000CC919
  2688 0001:000CC940  2692 0001:000CC94F  2694 0001:000CC97B  2699 0001:000CC9B0
  2700 0001:000CC9CD  2701 0001:000CC9E7  2702 0001:000CCA36  2705 0001:000CCA4C
  2706 0001:000CCA50  2707 0001:000CCA5C  2709 0001:000CCA68  2710 0001:000CCA75
  2712 0001:000CCA82  2713 0001:000CCA8F  2715 0001:000CCA9C  2716 0001:000CCAAC
  2718 0001:000CCABC  2720 0001:000CCAC9  2721 0001:000CCADE  2725 0001:000CCAF4
  2727 0001:000CCB0F  2730 0001:000CCB18  2731 0001:000CCB29  2732 0001:000CCB37
  2733 0001:000CCB44  2739 0001:000CCB51  2741 0001:000CCB63  2743 0001:000CCB7F
  2744 0001:000CCB90  2746 0001:000CCBC3  2749 0001:000CCBCF  2750 0001:000CCBF4
  2752 0001:000CCC01  2753 0001:000CCC0E  2759 0001:000CCC1D  2764 0001:000CCC75
  2767 0001:000CCC90  2768 0001:000CCC93  2770 0001:000CCCA4  2771 0001:000CCCAE
  2772 0001:000CCCBA  2774 0001:000CCCC7  2777 0001:000CCCCC  2779 0001:000CCCE4
  2781 0001:000CCCF4  2782 0001:000CCCFB  2783 0001:000CCD05  2784 0001:000CCD15
  2785 0001:000CCD21  2786 0001:000CCD2D  2787 0001:000CCD3E  2788 0001:000CCD8D
  2789 0001:000CCD95  2793 0001:000CCDBC  2796 0001:000CCDE0  2799 0001:000CCDF8
  2800 0001:000CCDFB  2801 0001:000CCE07  2803 0001:000CCE13  2804 0001:000CCE20
  2806 0001:000CCE2D  2807 0001:000CCE3A  2809 0001:000CCE47  2810 0001:000CCE57
  2811 0001:000CCE67  2814 0001:000CCE7C  2815 0001:000CCE93  2817 0001:000CCE9F
  2821 0001:000CCEC7  2823 0001:000CCEEB  2828 0001:000CCEF0  2829 0001:000CCF12
  2832 0001:000CCF25  2834 0001:000CCF44  2835 0001:000CCF73  2836 0001:000CCFA2
  2838 0001:000CCFD1  2839 0001:000CD000  2840 0001:000CD02F  2842 0001:000CD05E
  2843 0001:000CD08D  2844 0001:000CD0BC  2846 0001:000CD0EB  2847 0001:000CD11A
  2848 0001:000CD149  2850 0001:000CD178  2851 0001:000CD1A7  2852 0001:000CD1D6
  2854 0001:000CD205  2855 0001:000CD234  2856 0001:000CD263  2858 0001:000CD292
  2859 0001:000CD2C1  2860 0001:000CD2F0  2862 0001:000CD31F  2863 0001:000CD34E
  2864 0001:000CD37D  2866 0001:000CD3AC  2867 0001:000CD3DB  2868 0001:000CD40A
  2870 0001:000CD439  2871 0001:000CD46A  2876 0001:000CD538  2877 0001:000CD55A
  2880 0001:000CD56D  2882 0001:000CD58C  2883 0001:000CD5BA  2884 0001:000CD5E8
  2886 0001:000CD616  2887 0001:000CD644  2888 0001:000CD672  2890 0001:000CD6A0
  2891 0001:000CD6CE  2892 0001:000CD6FC  2894 0001:000CD72A  2895 0001:000CD758
  2896 0001:000CD786  2898 0001:000CD7B4  2899 0001:000CD7E2  2900 0001:000CD810
  2902 0001:000CD83E  2903 0001:000CD86C  2904 0001:000CD89A  2906 0001:000CD8C8
  2907 0001:000CD8F6  2908 0001:000CD924  2910 0001:000CD952  2911 0001:000CD980
  2912 0001:000CD9AE  2914 0001:000CD9DC  2915 0001:000CDA0A  2916 0001:000CDA38
  2918 0001:000CDA66  2919 0001:000CDA97  2926 0001:000CDB64  2927 0001:000CDB85
  2930 0001:000CDB98  2931 0001:000CDBB1  2933 0001:000CDBCF  2934 0001:000CDBEB
  2938 0001:000CDBFF  2940 0001:000CDC14  2941 0001:000CDC44  2945 0001:000CDC58
  2947 0001:000CDC5E  2949 0001:000CDC86  2952 0001:000CDC9E  2953 0001:000CDCB8
  2954 0001:000CDD2C  2956 0001:000CDD56  2958 0001:000CDDB6  2961 0001:000CDDF0
  2962 0001:000CDDF3  2963 0001:000CDDFF  2965 0001:000CDE0B  2966 0001:000CDE18
  2968 0001:000CDE25  2969 0001:000CDE32  2971 0001:000CDE3F  2972 0001:000CDE4C
  2973 0001:000CDE5C  2975 0001:000CDE6C  2976 0001:000CDE79  2980 0001:000CDE8C
  2982 0001:000CDEAA  2985 0001:000CDEB3  2986 0001:000CDEC4  2987 0001:000CDED2
  2993 0001:000CDEDF  2994 0001:000CDEEC  2995 0001:000CDF00  2997 0001:000CDF16
  2998 0001:000CDF27  3001 0001:000CDF5A  3004 0001:000CDF6A  3005 0001:000CDF8F
  3006 0001:000CDF9C  3007 0001:000CDFA9  3009 0001:000CDFCD  3011 0001:000CDFDC
  3012 0001:000CDFE5  3016 0001:000CDFED  3017 0001:000CDFFB  3023 0001:000CE005
  3026 0001:000CE05D  3029 0001:000CE078  3030 0001:000CE079  3031 0001:000CE097
  3034 0001:000CE09C  3035 0001:000CE0A0  3037 0001:000CE0AF  3038 0001:000CE0BC
  3042 0001:000CE0C5  3043 0001:000CE0D7  3045 0001:000CE0DF  3048 0001:000CE0E4
  3049 0001:000CE0E5  3050 0001:000CE108  3054 0001:000CE10C  3056 0001:000CE118
  3057 0001:000CE11F  3061 0001:000CE12C  3062 0001:000CE131  3064 0001:000CE13D
  3068 0001:000CE140  3069 0001:000CE143  3070 0001:000CE14F  3074 0001:000CE154
  3075 0001:000CE173  3076 0001:000CE1B3  3080 0001:000CE1BC  3081 0001:000CE1C9
  3085 0001:000CE1CC  3086 0001:000CE1D2  3087 0001:000CE1E3  3091 0001:000CE1E8
  3092 0001:000CE1EB  3093 0001:000CE1F8  3098 0001:000CE1FC  3099 0001:000CE201
  3101 0001:000CE219  3102 0001:000CE22E  3099 0001:000CE22F  3103 0001:000CE232
  3108 0001:000CE238  3110 0001:000CE244  3114 0001:000CE24E  3116 0001:000CE257
  3120 0001:000CE258  3121 0001:000CE262  3123 0001:000CE294  3123 0001:000CE29B

Line numbers for OpenStudio(I:\DEVELOPPEMENTS\Codes Delphi\OpenStudio Dev\OpenStudio\OpenStudio.dpr) segment .text

    29 0001:000CE774    30 0001:000CE784    31 0001:000CE790    32 0001:000CE7A1
    33 0001:000CE7B9    34 0001:000CE7D1    35 0001:000CE7DD

Bound resource files

c:\borland\delphi7\Lib\Buttons.res
c:\borland\delphi7\Lib\ExtDlgs.res
c:\borland\delphi7\Lib\Controls.res
C:\Borland\Delphi7\Source\JVCL320CompleteJCL197-Build2172\jvcl\Resources\JvConsts.res
c:\borland\delphi7\Lib\SPIN.RES
C:\Borland\Delphi7\Source\JVCL320CompleteJCL197-Build2172\jvcl\Resources\JvCtrls.res
U_VerifSerial.dfm
U_Clock.dfm
U_Cartouche.dfm
U_Config.dfm
sysop.dfm
U_Events.dfm
Session.dfm
U_Main.dfm
U_Bibliotheque.dfm
U_Waitlist.dfm
serverweb.dfm
background.dfm
U_Splash.dfm
U_About.dfm
Unit1.dfm
OpenStudio.res
OpenStudio.drf


Program entry point at 0001:000CE774
